Archive member included because of file (symbol)

/home/peter/dpdk-1.2.3r2/x86_64-default-linuxapp-gcc/lib/librte_pmd_igb.a(e1000_ethdev.o)
                              main.o (rte_igb_pmd_init)
/home/peter/dpdk-1.2.3r2/x86_64-default-linuxapp-gcc/lib/librte_pmd_igb.a(e1000_manage.o)
                              /home/peter/dpdk-1.2.3r2/x86_64-default-linuxapp-gcc/lib/librte_pmd_igb.a(e1000_ethdev.o) (e1000_enable_mng_pass_thru)
/home/peter/dpdk-1.2.3r2/x86_64-default-linuxapp-gcc/lib/librte_pmd_igb.a(e1000_mac.o)
                              /home/peter/dpdk-1.2.3r2/x86_64-default-linuxapp-gcc/lib/librte_pmd_igb.a(e1000_ethdev.o) (e1000_clear_hw_cntrs_base_generic)
/home/peter/dpdk-1.2.3r2/x86_64-default-linuxapp-gcc/lib/librte_pmd_igb.a(e1000_phy.o)
                              /home/peter/dpdk-1.2.3r2/x86_64-default-linuxapp-gcc/lib/librte_pmd_igb.a(e1000_mac.o) (e1000_phy_has_link_generic)
/home/peter/dpdk-1.2.3r2/x86_64-default-linuxapp-gcc/lib/librte_pmd_igb.a(e1000_82575.o)
                              /home/peter/dpdk-1.2.3r2/x86_64-default-linuxapp-gcc/lib/librte_pmd_igb.a(e1000_ethdev.o) (e1000_rxpbs_adjust_82580)
/home/peter/dpdk-1.2.3r2/x86_64-default-linuxapp-gcc/lib/librte_pmd_igb.a(e1000_api.o)
                              /home/peter/dpdk-1.2.3r2/x86_64-default-linuxapp-gcc/lib/librte_pmd_igb.a(e1000_ethdev.o) (e1000_set_mac_type)
/home/peter/dpdk-1.2.3r2/x86_64-default-linuxapp-gcc/lib/librte_pmd_igb.a(e1000_osdep.o)
                              /home/peter/dpdk-1.2.3r2/x86_64-default-linuxapp-gcc/lib/librte_pmd_igb.a(e1000_mac.o) (e1000_write_pci_cfg)
/home/peter/dpdk-1.2.3r2/x86_64-default-linuxapp-gcc/lib/librte_pmd_igb.a(e1000_vf.o)
                              /home/peter/dpdk-1.2.3r2/x86_64-default-linuxapp-gcc/lib/librte_pmd_igb.a(e1000_api.o) (e1000_init_function_pointers_vf)
/home/peter/dpdk-1.2.3r2/x86_64-default-linuxapp-gcc/lib/librte_pmd_igb.a(e1000_mbx.o)
                              /home/peter/dpdk-1.2.3r2/x86_64-default-linuxapp-gcc/lib/librte_pmd_igb.a(e1000_api.o) (e1000_init_mbx_ops_generic)
/home/peter/dpdk-1.2.3r2/x86_64-default-linuxapp-gcc/lib/librte_pmd_igb.a(e1000_rxtx.o)
                              /home/peter/dpdk-1.2.3r2/x86_64-default-linuxapp-gcc/lib/librte_pmd_igb.a(e1000_ethdev.o) (eth_igb_xmit_pkts)
/home/peter/dpdk-1.2.3r2/x86_64-default-linuxapp-gcc/lib/librte_pmd_igb.a(e1000_nvm.o)
                              /home/peter/dpdk-1.2.3r2/x86_64-default-linuxapp-gcc/lib/librte_pmd_igb.a(e1000_api.o) (e1000_init_nvm_ops_generic)
/home/peter/dpdk-1.2.3r2/x86_64-default-linuxapp-gcc/lib/librte_pmd_ixgbe.a(ixgbe_ethdev.o)
                              main.o (rte_ixgbe_pmd_init)
/home/peter/dpdk-1.2.3r2/x86_64-default-linuxapp-gcc/lib/librte_pmd_ixgbe.a(ixgbe_fdir.o)
                              /home/peter/dpdk-1.2.3r2/x86_64-default-linuxapp-gcc/lib/librte_pmd_ixgbe.a(ixgbe_ethdev.o) (ixgbe_fdir_configure)
/home/peter/dpdk-1.2.3r2/x86_64-default-linuxapp-gcc/lib/librte_pmd_ixgbe.a(ixgbe_common.o)
                              /home/peter/dpdk-1.2.3r2/x86_64-default-linuxapp-gcc/lib/librte_pmd_ixgbe.a(ixgbe_ethdev.o) (ixgbe_disable_pcie_master)
/home/peter/dpdk-1.2.3r2/x86_64-default-linuxapp-gcc/lib/librte_pmd_ixgbe.a(ixgbe_82599.o)
                              /home/peter/dpdk-1.2.3r2/x86_64-default-linuxapp-gcc/lib/librte_pmd_ixgbe.a(ixgbe_fdir.o) (ixgbe_reinit_fdir_tables_82599)
/home/peter/dpdk-1.2.3r2/x86_64-default-linuxapp-gcc/lib/librte_pmd_ixgbe.a(ixgbe_phy.o)
                              /home/peter/dpdk-1.2.3r2/x86_64-default-linuxapp-gcc/lib/librte_pmd_ixgbe.a(ixgbe_82599.o) (ixgbe_init_phy_ops_generic)
/home/peter/dpdk-1.2.3r2/x86_64-default-linuxapp-gcc/lib/librte_pmd_ixgbe.a(ixgbe_api.o)
                              /home/peter/dpdk-1.2.3r2/x86_64-default-linuxapp-gcc/lib/librte_pmd_ixgbe.a(ixgbe_ethdev.o) (ixgbe_init_shared_code)
/home/peter/dpdk-1.2.3r2/x86_64-default-linuxapp-gcc/lib/librte_pmd_ixgbe.a(ixgbe_vf.o)
                              /home/peter/dpdk-1.2.3r2/x86_64-default-linuxapp-gcc/lib/librte_pmd_ixgbe.a(ixgbe_api.o) (ixgbe_init_ops_vf)
/home/peter/dpdk-1.2.3r2/x86_64-default-linuxapp-gcc/lib/librte_pmd_ixgbe.a(ixgbe_mbx.o)
                              /home/peter/dpdk-1.2.3r2/x86_64-default-linuxapp-gcc/lib/librte_pmd_ixgbe.a(ixgbe_vf.o) (ixgbe_init_mbx_params_vf)
/home/peter/dpdk-1.2.3r2/x86_64-default-linuxapp-gcc/lib/librte_pmd_ixgbe.a(ixgbe_rxtx.o)
                              /home/peter/dpdk-1.2.3r2/x86_64-default-linuxapp-gcc/lib/librte_pmd_ixgbe.a(ixgbe_ethdev.o) (ixgbe_xmit_pkts)
/home/peter/dpdk-1.2.3r2/x86_64-default-linuxapp-gcc/lib/librte_pmd_ixgbe.a(ixgbe_82598.o)
                              /home/peter/dpdk-1.2.3r2/x86_64-default-linuxapp-gcc/lib/librte_pmd_ixgbe.a(ixgbe_api.o) (ixgbe_init_ops_82598)
/home/peter/dpdk-1.2.3r2/x86_64-default-linuxapp-gcc/lib/librte_pmd_ixgbe.a(ixgbe_x540.o)
[...]
Memory Configuration

Name             Origin             Length             Attributes
*default*        0x0000000000000000 0xffffffffffffffff

Linker script and memory map

LOAD /usr/lib/gcc/x86_64-linux-gnu/4.6/../../../x86_64-linux-gnu/crt1.o
LOAD /usr/lib/gcc/x86_64-linux-gnu/4.6/../../../x86_64-linux-gnu/crti.o
LOAD /usr/lib/gcc/x86_64-linux-gnu/4.6/crtbegin.o
LOAD main.o
LOAD /home/peter/dpdk-1.2.3r2/x86_64-default-linuxapp-gcc/lib/librte_pmd_igb.a
LOAD /home/peter/dpdk-1.2.3r2/x86_64-default-linuxapp-gcc/lib/librte_pmd_ixgbe.a
LOAD /home/peter/dpdk-1.2.3r2/x86_64-default-linuxapp-gcc/lib/librte_mbuf.a
LOAD /home/peter/dpdk-1.2.3r2/x86_64-default-linuxapp-gcc/lib/librte_cmdline.a
LOAD /home/peter/dpdk-1.2.3r2/x86_64-default-linuxapp-gcc/lib/librte_timer.a
LOAD /home/peter/dpdk-1.2.3r2/x86_64-default-linuxapp-gcc/lib/librte_hash.a
LOAD /home/peter/dpdk-1.2.3r2/x86_64-default-linuxapp-gcc/lib/librte_lpm.a
START GROUP
LOAD /home/peter/dpdk-1.2.3r2/x86_64-default-linuxapp-gcc/lib/libethdev.a
LOAD /home/peter/dpdk-1.2.3r2/x86_64-default-linuxapp-gcc/lib/librte_malloc.a
LOAD /home/peter/dpdk-1.2.3r2/x86_64-default-linuxapp-gcc/lib/librte_mempool.a
LOAD /home/peter/dpdk-1.2.3r2/x86_64-default-linuxapp-gcc/lib/librte_ring.a
LOAD /home/peter/dpdk-1.2.3r2/x86_64-default-linuxapp-gcc/lib/librte_eal.a
END GROUP
LOAD /usr/lib/gcc/x86_64-linux-gnu/4.6/libgcc.a
LOAD /usr/lib/gcc/x86_64-linux-gnu/4.6/libgcc_s.so
LOAD /usr/lib/gcc/x86_64-linux-gnu/4.6/../../../x86_64-linux-gnu/libpthread.so
START GROUP
LOAD /lib/x86_64-linux-gnu/libpthread.so.0
LOAD /usr/lib/x86_64-linux-gnu/libpthread_nonshared.a
END GROUP
LOAD /usr/lib/gcc/x86_64-linux-gnu/4.6/../../../x86_64-linux-gnu/libc.so
START GROUP
LOAD /lib/x86_64-linux-gnu/libc.so.6
LOAD /usr/lib/x86_64-linux-gnu/libc_nonshared.a
LOAD /lib/x86_64-linux-gnu/ld-linux-x86-64.so.2
END GROUP
LOAD /usr/lib/gcc/x86_64-linux-gnu/4.6/libgcc.a
LOAD /usr/lib/gcc/x86_64-linux-gnu/4.6/libgcc_s.so
LOAD /usr/lib/gcc/x86_64-linux-gnu/4.6/crtend.o
LOAD /usr/lib/gcc/x86_64-linux-gnu/4.6/../../../x86_64-linux-gnu/crtn.o
                0x0000000000400000                PROVIDE (__executable_start, 0x400000)
                0x0000000000400270                . = (0x400000 + SIZEOF_HEADERS)

.interp         0x0000000000400270       0x1c
 *(.interp)
 .interp        0x0000000000400270       0x1c /usr/lib/gcc/x86_64-linux-gnu/4.6/../../../x86_64-linux-gnu/crt1.o

.note.ABI-tag   0x000000000040028c       0x20
 .note.ABI-tag  0x000000000040028c       0x20 /usr/lib/gcc/x86_64-linux-gnu/4.6/../../../x86_64-linux-gnu/crt1.o

.note.gnu.build-id
                0x00000000004002ac       0x24
 *(.note.gnu.build-id)
 .note.gnu.build-id
                0x00000000004002ac       0x24 /usr/lib/gcc/x86_64-linux-gnu/4.6/../../../x86_64-linux-gnu/crt1.o

.hash
 *(.hash)

.gnu.hash       0x00000000004002d0       0x30
 *(.gnu.hash)
 .gnu.hash      0x00000000004002d0       0x30 /usr/lib/gcc/x86_64-linux-gnu/4.6/../../../x86_64-linux-gnu/crt1.o

.dynsym         0x0000000000400300      0x768
 *(.dynsym)
 .dynsym        0x0000000000400300      0x768 /usr/lib/gcc/x86_64-linux-gnu/4.6/../../../x86_64-linux-gnu/crt1.o

.dynstr         0x0000000000400a68      0x33e
 *(.dynstr)
 .dynstr        0x0000000000400a68      0x33e /usr/lib/gcc/x86_64-linux-gnu/4.6/../../../x86_64-linux-gnu/crt1.o

.gnu.version    0x0000000000400da6       0x9e
 *(.gnu.version)
 .gnu.version   0x0000000000400da6       0x9e /usr/lib/gcc/x86_64-linux-gnu/4.6/../../../x86_64-linux-gnu/crt1.o

.gnu.version_d  0x0000000000400e48        0x0
 *(.gnu.version_d)
 .gnu.version_d
                0x0000000000000000        0x0 /usr/lib/gcc/x86_64-linux-gnu/4.6/../../../x86_64-linux-gnu/crt1.o

.gnu.version_r  0x0000000000400e48       0xc0
 *(.gnu.version_r)
 .gnu.version_r
                0x0000000000400e48       0xc0 /usr/lib/gcc/x86_64-linux-gnu/4.6/../../../x86_64-linux-gnu/crt1.o

.rela.dyn       0x0000000000400f08       0x60
 *(.rela.init)
 *(.rela.text .rela.text.* .rela.gnu.linkonce.t.*)
 .rela.text     0x0000000000000000        0x0 /usr/lib/gcc/x86_64-linux-gnu/4.6/../../../x86_64-linux-gnu/crt1.o
 *(.rela.fini)
 *(.rela.rodata .rela.rodata.* .rela.gnu.linkonce.r.*)
 *(.rela.data .rela.data.* .rela.gnu.linkonce.d.*)
 .rela.data     0x0000000000000000        0x0 /usr/lib/gcc/x86_64-linux-gnu/4.6/../../../x86_64-linux-gnu/crt1.o
 *(.rela.tdata .rela.tdata.* .rela.gnu.linkonce.td.*)
 *(.rela.tbss .rela.tbss.* .rela.gnu.linkonce.tb.*)
 *(.rela.ctors)
 *(.rela.dtors)
 *(.rela.got)
 .rela.got      0x0000000000400f08       0x18 /usr/lib/gcc/x86_64-linux-gnu/4.6/../../../x86_64-linux-gnu/crt1.o
 *(.rela.bss .rela.bss.* .rela.gnu.linkonce.b.*)
 .rela.bss      0x0000000000400f20       0x48 /usr/lib/gcc/x86_64-linux-gnu/4.6/../../../x86_64-linux-gnu/crt1.o
 *(.rela.ldata .rela.ldata.* .rela.gnu.linkonce.l.*)
 *(.rela.lbss .rela.lbss.* .rela.gnu.linkonce.lb.*)
 *(.rela.lrodata .rela.lrodata.* .rela.gnu.linkonce.lr.*)
 *(.rela.ifunc)

.rela.plt       0x0000000000400f68      0x6d8
 *(.rela.plt)
 .rela.plt      0x0000000000400f68      0x6d8 /usr/lib/gcc/x86_64-linux-gnu/4.6/../../../x86_64-linux-gnu/crt1.o
                0x0000000000401640                PROVIDE (__rela_iplt_start, .)
 *(.rela.iplt)
 .rela.iplt     0x0000000000000000        0x0 /usr/lib/gcc/x86_64-linux-gnu/4.6/../../../x86_64-linux-gnu/crt1.o
                0x0000000000401640                PROVIDE (__rela_iplt_end, .)

.init           0x0000000000401640       0x18
 *(.init)
 .init          0x0000000000401640        0x9 /usr/lib/gcc/x86_64-linux-gnu/4.6/../../../x86_64-linux-gnu/crti.o
                0x0000000000401640                _init
 .init          0x0000000000401649        0x5 /usr/lib/gcc/x86_64-linux-gnu/4.6/crtbegin.o
 .init          0x000000000040164e        0x5 /usr/lib/gcc/x86_64-linux-gnu/4.6/crtend.o
 .init          0x0000000000401653        0x5 /usr/lib/gcc/x86_64-linux-gnu/4.6/../../../x86_64-linux-gnu/crtn.o

.plt            0x0000000000401660      0x4a0
 *(.plt)
 .plt           0x0000000000401660      0x4a0 /usr/lib/gcc/x86_64-linux-gnu/4.6/../../../x86_64-linux-gnu/crt1.o
                0x0000000000401670                getenv@@GLIBC_2.2.5
                0x0000000000401680                free@@GLIBC_2.2.5
                0x0000000000401690                putchar@@GLIBC_2.2.5
                0x00000000004016a0                pthread_create@@GLIBC_2.2.5
                0x00000000004016b0                abort@@GLIBC_2.2.5
                0x00000000004016c0                __errno_location@@GLIBC_2.2.5
                0x00000000004016d0                strncmp@@GLIBC_2.2.5
                0x00000000004016e0                fopencookie@@GLIBC_2.2.5
                0x00000000004016f0                __isoc99_fscanf@@GLIBC_2.7
                0x0000000000401700                puts@@GLIBC_2.2.5
                0x0000000000401710                vsnprintf@@GLIBC_2.2.5
                0x0000000000401720                backtrace_symbols@@GLIBC_2.2.5
                0x0000000000401730                __xpg_strerror_r@@GLIBC_2.3.4
                0x0000000000401740                fcntl@@GLIBC_2.2.5
                0x0000000000401750                write@@GLIBC_2.2.5
                0x0000000000401760                fclose@@GLIBC_2.2.5
                0x0000000000401770                opendir@@GLIBC_2.2.5
                0x0000000000401780                backtrace@@GLIBC_2.2.5
                0x0000000000401790                __stack_chk_fail@@GLIBC_2.4
                0x00000000004017a0                getuid@@GLIBC_2.2.5
                0x00000000004017b0                mmap@@GLIBC_2.2.5
                0x00000000004017c0                getopt_long@@GLIBC_2.2.5
                0x00000000004017d0                pthread_setaffinity_np@@GLIBC_2.3.4
                0x00000000004017e0                strchr@@GLIBC_2.2.5
                0x00000000004017f0                printf@@GLIBC_2.2.5
                0x0000000000401800                ftruncate@@GLIBC_2.2.5
                0x0000000000401810                lseek@@GLIBC_2.2.5
                0x0000000000401820                gettimeofday@@GLIBC_2.2.5
                0x0000000000401830                memset@@GLIBC_2.2.5
                0x0000000000401840                index@@GLIBC_2.2.5
                0x0000000000401850                close@@GLIBC_2.2.5
                0x0000000000401860                pipe@@GLIBC_2.2.5
                0x0000000000401870                closedir@@GLIBC_2.2.5
                0x0000000000401880                epoll_ctl@@GLIBC_2.3.2
                0x0000000000401890                read@@GLIBC_2.2.5
                0x00000000004018a0                strndup@@GLIBC_2.2.5
                0x00000000004018b0                __libc_start_main@@GLIBC_2.2.5
                0x00000000004018c0                memcmp@@GLIBC_2.2.5
                0x00000000004018d0                fgets@@GLIBC_2.2.5
                0x00000000004018e0                strtoull@@GLIBC_2.2.5
                0x00000000004018f0                strcmp@@GLIBC_2.2.5
                0x0000000000401900                timerfd_create@@GLIBC_2.8
                0x0000000000401910                memcpy@@GLIBC_2.14
                0x0000000000401920                readdir@@GLIBC_2.2.5
                0x0000000000401930                malloc@@GLIBC_2.2.5
                0x0000000000401940                strncasecmp@@GLIBC_2.2.5
                0x0000000000401950                fflush@@GLIBC_2.2.5
                0x0000000000401960                __isoc99_sscanf@@GLIBC_2.7
                0x0000000000401970                syslog@@GLIBC_2.2.5
                0x0000000000401980                __sched_cpufree@@GLIBC_2.7
                0x0000000000401990                __fxstat@@GLIBC_2.2.5
                0x00000000004019a0                __sched_cpualloc@@GLIBC_2.7
                0x00000000004019b0                srand48@@GLIBC_2.2.5
                0x00000000004019c0                munmap@@GLIBC_2.2.5
                0x00000000004019d0                epoll_wait@@GLIBC_2.3.2
                0x00000000004019e0                pthread_self@@GLIBC_2.2.5
                0x00000000004019f0                open@@GLIBC_2.2.5
                0x0000000000401a00                fopen@@GLIBC_2.2.5
                0x0000000000401a10                vfprintf@@GLIBC_2.2.5
                0x0000000000401a20                strtoul@@GLIBC_2.2.5
                0x0000000000401a30                timerfd_settime@@GLIBC_2.8
                0x0000000000401a40                atoi@@GLIBC_2.2.5
                0x0000000000401a50                openlog@@GLIBC_2.2.5
                0x0000000000401a60                getpagesize@@GLIBC_2.2.5
                0x0000000000401a70                epoll_create@@GLIBC_2.3.2
                0x0000000000401a80                exit@@GLIBC_2.2.5
                0x0000000000401a90                fwrite@@GLIBC_2.2.5
                0x0000000000401aa0                strdup@@GLIBC_2.2.5
                0x0000000000401ab0                strerror@@GLIBC_2.2.5
                0x0000000000401ac0                sleep@@GLIBC_2.2.5
                0x0000000000401ad0                strstr@@GLIBC_2.2.5
                0x0000000000401ae0                __ctype_b_loc@@GLIBC_2.3
                0x0000000000401af0                usleep@@GLIBC_2.2.5
 *(.iplt)
 .iplt          0x0000000000000000        0x0 /usr/lib/gcc/x86_64-linux-gnu/4.6/../../../x86_64-linux-gnu/crt1.o

.text           0x0000000000401b00    0x407a8
 *(.text.unlikely .text.*_unlikely)
 *(.text.exit .text.exit.*)
 *(.text.startup .text.startup.*)
 *(.text.hot .text.hot.*)
 *(.text .stub .text.* .gnu.linkonce.t.*)
 .text          0x0000000000401b00       0x2c /usr/lib/gcc/x86_64-linux-gnu/4.6/../../../x86_64-linux-gnu/crt1.o
                0x0000000000401b00                _start
 .text          0x0000000000401b2c       0x17 /usr/lib/gcc/x86_64-linux-gnu/4.6/../../../x86_64-linux-gnu/crti.o
 *fill*         0x0000000000401b43        0xd 90909090
 .text          0x0000000000401b50       0x92 /usr/lib/gcc/x86_64-linux-gnu/4.6/crtbegin.o
 *fill*         0x0000000000401be2        0x2 90909090
 .text          0x0000000000401be4     0x192f main.o
                0x0000000000402ebb                main
 *fill*         0x0000000000403513        0x1 90909090
 .text          0x0000000000403514     0x2861 /home/peter/dpdk-1.2.3r2/x86_64-default-linuxapp-gcc/lib/librte_pmd_igb.a(e1000_ethdev.o)
                0x0000000000403a11                rte_igb_pmd_init
 *fill*         0x0000000000405d75        0x3 90909090
 .text          0x0000000000405d78      0x8b3 /home/peter/dpdk-1.2.3r2/x86_64-default-linuxapp-gcc/lib/librte_pmd_igb.a(e1000_manage.o)
                0x0000000000405d88                e1000_calculate_checksum
                0x0000000000405dcf                e1000_mng_enable_host_if_generic
                0x0000000000405e78                e1000_check_mng_mode_generic
                0x0000000000405eae                e1000_enable_tx_pkt_filtering_generic
                0x0000000000406006                e1000_mng_write_dhcp_info_generic
                0x00000000004060f0                e1000_mng_write_cmd_header_generic
                0x000000000040617f                e1000_mng_host_if_write_generic
                0x00000000004063b2                e1000_enable_mng_pass_thru
                0x0000000000406486                e1000_host_interface_command
 *fill*         0x000000000040662b        0x1 90909090
 .text          0x000000000040662c     0x2735 /home/peter/dpdk-1.2.3r2/x86_64-default-linuxapp-gcc/lib/librte_pmd_igb.a(e1000_mac.o)
                0x000000000040663c                e1000_init_mac_ops_generic
                0x00000000004067b9                e1000_null_ops_generic
                0x00000000004067c8                e1000_null_mac_generic
                0x00000000004067d2                e1000_null_link_info
                0x00000000004067e9                e1000_null_mng_mode
                0x00000000004067f8                e1000_null_update_mc
                0x0000000000406809                e1000_null_write_vfta
                0x0000000000406819                e1000_null_rar_set
                0x000000000040682a                e1000_get_bus_info_pci_generic
                0x000000000040693a                e1000_get_bus_info_pcie_generic
                0x0000000000406a52                e1000_set_lan_id_multi_port_pci
                0x0000000000406ac9                e1000_set_lan_id_single_port
                0x0000000000406aeb                e1000_clear_vfta_generic
                0x0000000000406b3e                e1000_write_vfta_generic
                0x0000000000406b83                e1000_init_rx_addrs_generic
                0x0000000000406c20                e1000_check_alt_mac_addr_generic
                0x0000000000406ded                e1000_rar_set_generic
                0x0000000000406f10                e1000_update_mc_addr_list_generic
                0x00000000004070a6                e1000_hash_mc_addr_generic
                0x0000000000407161                e1000_pcix_mmrbc_workaround_generic
                0x000000000040721b                e1000_clear_hw_cntrs_base_generic
                0x0000000000407557                e1000_check_for_copper_link_generic
                0x0000000000407615                e1000_check_for_fiber_link_generic
                0x000000000040776f                e1000_check_for_serdes_link_generic
                0x00000000004079f3                e1000_setup_link_generic
                0x0000000000407ae7                e1000_setup_fiber_serdes_link_generic
                0x0000000000407bb0                e1000_config_collision_dist_generic
                0x0000000000407d4f                e1000_set_fc_watermarks_generic
                0x0000000000407e6f                e1000_force_mac_fc_generic
                0x0000000000407f02                e1000_config_fc_after_link_up_generic
                0x00000000004081d3                e1000_get_speed_and_duplex_copper_generic
                0x0000000000408258                e1000_get_speed_and_duplex_fiber_serdes_generic
                0x0000000000408281                e1000_get_hw_semaphore_generic
                0x0000000000408390                e1000_put_hw_semaphore_generic
                0x00000000004083cf                e1000_get_auto_rd_done_generic
                0x0000000000408432                e1000_valid_led_default_generic
                0x000000000040849b                e1000_id_led_init_generic
                0x0000000000408733                e1000_setup_led_generic
                0x00000000004087ea                e1000_cleanup_led_generic
                0x0000000000408814                e1000_blink_led_generic
                0x00000000004088b0                e1000_led_on_generic
                0x0000000000408925                e1000_led_off_generic
                0x000000000040899a                e1000_set_pcie_no_snoop_generic
                0x00000000004089fa                e1000_disable_pcie_master_generic
                0x0000000000408a92                e1000_reset_adaptive_generic
                0x0000000000408b1c                e1000_update_adaptive_generic
                0x0000000000408cc3                e1000_write_8bit_ctrl_reg_generic
 *fill*         0x0000000000408d61        0x3 90909090
 .text          0x0000000000408d64     0x3996 /home/peter/dpdk-1.2.3r2/x86_64-default-linuxapp-gcc/lib/librte_pmd_igb.a(e1000_phy.o)
                0x0000000000408d74                e1000_init_phy_ops_generic
                0x0000000000408e78                e1000_null_read_reg
                0x0000000000408e8e                e1000_null_phy_generic
                0x0000000000408e98                e1000_null_lplu_state
                0x0000000000408eaa                e1000_null_write_reg
                0x0000000000408ec2                e1000_check_reset_block_generic
                0x0000000000408f01                e1000_get_phy_id
                0x0000000000408fdd                e1000_phy_reset_dsp_generic
                0x0000000000409053                e1000_read_phy_reg_mdic
                0x0000000000409143                e1000_write_phy_reg_mdic
                0x000000000040922c                e1000_read_phy_reg_i2c
                0x000000000040930f                e1000_write_phy_reg_i2c
                0x00000000004093f4                e1000_read_phy_reg_m88
                0x0000000000409477                e1000_write_phy_reg_m88
                0x00000000004095b7                e1000_read_phy_reg_igp
                0x00000000004095e4                e1000_read_phy_reg_igp_locked
                0x00000000004096ce                e1000_write_phy_reg_igp
                0x00000000004096fd                e1000_write_phy_reg_igp_locked
                0x00000000004097f6                e1000_read_kmrn_reg_generic
                0x0000000000409823                e1000_read_kmrn_reg_locked
                0x00000000004098f9                e1000_write_kmrn_reg_generic
                0x0000000000409928                e1000_write_kmrn_reg_locked
                0x0000000000409957                e1000_copper_link_setup_82577
                0x0000000000409a14                e1000_copper_link_setup_m88
                0x0000000000409c03                e1000_copper_link_setup_m88_gen2
                0x0000000000409d56                e1000_copper_link_setup_igp
                0x000000000040a3a4                e1000_setup_copper_link_generic
                0x000000000040a445                e1000_phy_force_speed_duplex_igp
                0x000000000040a59c                e1000_phy_force_speed_duplex_m88
                0x000000000040a8ac                e1000_phy_force_speed_duplex_ife
                0x000000000040aa02                e1000_phy_force_speed_duplex_setup
                0x000000000040ab32                e1000_set_d3_lplu_state_generic
                0x000000000040ad75                e1000_check_downshift_generic
                0x000000000040ae2e                e1000_check_polarity_m88
                0x000000000040ae8c                e1000_check_polarity_igp
                0x000000000040af3e                e1000_check_polarity_ife
                0x000000000040afc5                e1000_wait_autoneg_generic
                0x000000000040b078                e1000_phy_has_link_generic
                0x000000000040b185                e1000_get_cable_length_m88
                0x000000000040b25a                e1000_get_cable_length_m88_gen2
                0x000000000040b567                e1000_get_cable_length_igp_2
                0x000000000040b70e                e1000_get_phy_info_m88
                0x000000000040b8f8                e1000_get_phy_info_igp
                0x000000000040ba8a                e1000_get_phy_info_ife
                0x000000000040bbde                e1000_phy_sw_reset_generic
                0x000000000040bc74                e1000_phy_hw_reset_generic
                0x000000000040bd7c                e1000_get_cfg_done_generic
                0x000000000040bd99                e1000_phy_init_script_igp3
                0x000000000040c16c                e1000_get_phy_type_from_id
                0x000000000040c242                e1000_determine_phy_address
                0x000000000040c2df                e1000_power_up_phy_copper
                0x000000000040c33b                e1000_power_down_phy_copper
                0x000000000040c3a1                e1000_check_polarity_82577
                0x000000000040c401                e1000_phy_force_speed_duplex_82577
                0x000000000040c4eb                e1000_get_phy_info_82577
                0x000000000040c684                e1000_get_cable_length_82577
 *fill*         0x000000000040c6fa        0x2 90909090
 .text          0x000000000040c6fc     0x30cd /home/peter/dpdk-1.2.3r2/x86_64-default-linuxapp-gcc/lib/librte_pmd_igb.a(e1000_82575.o)
                0x000000000040cae3                e1000_init_nvm_params_82575
                0x000000000040cfac                e1000_init_function_pointers_82575
                0x000000000040e99e                e1000_rx_fifo_flush_82575
                0x000000000040ed57                e1000_vmdq_set_anti_spoofing_pf
                0x000000000040ee61                e1000_vmdq_set_loopback_pf
                0x000000000040ef16                e1000_vmdq_set_replication_pf
                0x000000000040f305                e1000_rxpbs_adjust_82580
                0x000000000040f6cb                e1000_set_eee_i350
 *fill*         0x000000000040f7c9        0x3 90909090
 .text          0x000000000040f7cc      0xff0 /home/peter/dpdk-1.2.3r2/x86_64-default-linuxapp-gcc/lib/librte_pmd_igb.a(e1000_api.o)
                0x000000000040f7cc                e1000_init_mac_params
                0x000000000040f812                e1000_init_nvm_params
                0x000000000040f85e                e1000_init_phy_params
                0x000000000040f8aa                e1000_init_mbx_params
                0x000000000040f8f6                e1000_set_mac_type
                0x000000000040fa9f                e1000_setup_init_funcs
                0x000000000040fbd3                e1000_get_bus_info
                0x000000000040fc06                e1000_clear_vfta
                0x000000000040fc32                e1000_write_vfta
                0x000000000040fc73                e1000_update_mc_addr_list
                0x000000000040fcb7                e1000_force_mac_fc
                0x000000000040fcd1                e1000_check_for_link
                0x000000000040fd04                e1000_check_mng_mode
                0x000000000040fd37                e1000_mng_write_dhcp_info
                0x000000000040fd66                e1000_reset_hw
                0x000000000040fd9f                e1000_init_hw
                0x000000000040fdd8                e1000_setup_link
                0x000000000040fe11                e1000_get_speed_and_duplex
                0x000000000040fe58                e1000_setup_led
                0x000000000040fe91                e1000_cleanup_led
                0x000000000040fec4                e1000_blink_led
                0x000000000040fef7                e1000_id_led_init
                0x000000000040ff2a                e1000_led_on
                0x000000000040ff5d                e1000_led_off
                0x000000000040ff96                e1000_reset_adaptive
                0x000000000040ffb0                e1000_update_adaptive
                0x000000000040ffca                e1000_disable_pcie_master
                0x000000000040ffe4                e1000_config_collision_dist
                0x0000000000410016                e1000_rar_set
                0x000000000041005a                e1000_validate_mdi_setting
                0x0000000000410093                e1000_hash_mc_addr
                0x00000000004100b8                e1000_enable_tx_pkt_filtering
                0x00000000004100d2                e1000_mng_host_if_write
                0x0000000000410131                e1000_mng_write_cmd_header
                0x0000000000410175                e1000_mng_enable_host_if
                0x00000000004101ae                e1000_wait_autoneg
                0x00000000004101e7                e1000_check_reset_block
                0x0000000000410220                e1000_read_phy_reg
                0x000000000041026a                e1000_write_phy_reg
                0x00000000004102b6                e1000_release_phy
                0x00000000004102e8                e1000_acquire_phy
                0x0000000000410321                e1000_read_kmrn_reg
                0x000000000041034b                e1000_write_kmrn_reg
                0x0000000000410377                e1000_get_cable_length
                0x00000000004103b0                e1000_get_phy_info
                0x00000000004103e9                e1000_phy_hw_reset
                0x0000000000410422                e1000_phy_commit
                0x000000000041045b                e1000_set_d0_lplu_state
                0x000000000041049c                e1000_set_d3_lplu_state
                0x00000000004104dd                e1000_read_mac_addr
                0x000000000041051d                e1000_read_pba_string
                0x0000000000410548                e1000_read_pba_length
                0x000000000041056d                e1000_validate_nvm_checksum
                0x00000000004105a6                e1000_update_nvm_checksum
                0x00000000004105df                e1000_reload_nvm
                0x0000000000410611                e1000_read_nvm
                0x0000000000410665                e1000_write_nvm
                0x00000000004106b9                e1000_write_8bit_ctrl_reg
                0x00000000004106e8                e1000_power_up_phy
                0x0000000000410726                e1000_power_down_phy
                0x0000000000410758                e1000_power_up_fiber_serdes_link
                0x000000000041078a                e1000_shutdown_fiber_serdes_link
 .text          0x00000000004107bc       0x57 /home/peter/dpdk-1.2.3r2/x86_64-default-linuxapp-gcc/lib/librte_pmd_igb.a(e1000_osdep.o)
                0x00000000004107bc                e1000_write_pci_cfg
                0x00000000004107cd                e1000_read_pci_cfg
                0x00000000004107e7                e1000_read_pcie_cap_reg
                0x00000000004107fd                e1000_write_pcie_cap_reg
 *fill*         0x0000000000410813        0x1 90909090
 .text          0x0000000000410814      0x8d8 /home/peter/dpdk-1.2.3r2/x86_64-default-linuxapp-gcc/lib/librte_pmd_igb.a(e1000_vf.o)
                0x000000000041097c                e1000_init_function_pointers_vf
                0x0000000000410e1a                e1000_vfta_set_vf
                0x0000000000410e7e                e1000_rlpml_set_vf
                0x0000000000410ece                e1000_promisc_set_vf
 .text          0x00000000004110ec      0xdc6 /home/peter/dpdk-1.2.3r2/x86_64-default-linuxapp-gcc/lib/librte_pmd_igb.a(e1000_mbx.o)
                0x000000000041112e                e1000_read_mbx
                0x00000000004111aa                e1000_write_mbx
                0x0000000000411223                e1000_check_for_msg
                0x0000000000411276                e1000_check_for_ack
                0x00000000004112c9                e1000_check_for_rst
                0x000000000041145c                e1000_read_posted_mbx
                0x00000000004114dc                e1000_write_posted_mbx
                0x0000000000411564                e1000_init_mbx_ops_generic
                0x0000000000411935                e1000_init_mbx_params_vf
                0x0000000000411dd2                e1000_init_mbx_params_pf
 *fill*         0x0000000000411eb2        0x2 90909090
 .text          0x0000000000411eb4     0x35b9 /home/peter/dpdk-1.2.3r2/x86_64-default-linuxapp-gcc/lib/librte_pmd_igb.a(e1000_rxtx.o)
                0x0000000000412f23                eth_igb_xmit_pkts
                0x00000000004133a9                eth_igb_recv_pkts
                0x0000000000413690                eth_igb_recv_scattered_pkts
                0x0000000000413c06                igb_dev_tx_queue_alloc
                0x0000000000413ef9                eth_igb_tx_queue_setup
                0x00000000004142ad                igb_dev_rx_queue_alloc
                0x0000000000414498                eth_igb_rx_queue_setup
                0x0000000000414722                igb_dev_clear_queues
                0x0000000000414ba4                eth_igb_rx_init
                0x00000000004151ee                eth_igb_tx_init
 *fill*         0x000000000041546d        0x3 90909090
 .text          0x0000000000415470     0x16bf /home/peter/dpdk-1.2.3r2/x86_64-default-linuxapp-gcc/lib/librte_pmd_igb.a(e1000_nvm.o)
                0x0000000000415480                e1000_init_nvm_ops_generic
                0x0000000000415503                e1000_null_read_nvm
                0x0000000000415520                e1000_null_nvm_generic
                0x000000000041552a                e1000_null_led_default
                0x000000000041553d                e1000_null_write_nvm
                0x00000000004157f0                e1000_poll_eerd_eewr_done
                0x0000000000415883                e1000_acquire_nvm_generic
                0x0000000000415b61                e1000_release_nvm_generic
                0x0000000000415cc8                e1000_read_nvm_spi
                0x0000000000415e41                e1000_read_nvm_microwire
                0x0000000000415f8e                e1000_read_nvm_eerd
                0x0000000000416085                e1000_write_nvm_spi
                0x0000000000416284                e1000_write_nvm_microwire
                0x00000000004164c1                e1000_read_pba_string_generic
                0x00000000004167b2                e1000_read_pba_length_generic
                0x00000000004168ba                e1000_read_mac_addr_generic
                0x00000000004169b3                e1000_validate_nvm_checksum_generic
                0x0000000000416a2d                e1000_update_nvm_checksum_generic
 *fill*         0x0000000000416b2f        0x1 90909090
 .text          0x0000000000416b30     0x2e77 /home/peter/dpdk-1.2.3r2/x86_64-default-linuxapp-gcc/lib/librte_pmd_ixgbe.a(ixgbe_ethdev.o)
                0x000000000041726b                rte_ixgbe_pmd_init
                0x0000000000417280                rte_ixgbevf_pmd_init
 *fill*         0x00000000004199a7        0x1 90909090
 .text          0x00000000004199a8     0x11d7 /home/peter/dpdk-1.2.3r2/x86_64-default-linuxapp-gcc/lib/librte_pmd_ixgbe.a(ixgbe_fdir.o)
                0x0000000000419b92                ixgbe_fdir_configure
                0x000000000041a179                ixgbe_fdir_add_signature_filter
                0x000000000041a1a9                ixgbe_fdir_update_signature_filter
                0x000000000041a2ca                ixgbe_fdir_remove_signature_filter
                0x000000000041a4ff                ixgbe_fdir_set_masks
                0x000000000041a86d                ixgbe_fdir_add_perfect_filter
                0x000000000041a8b3                ixgbe_fdir_update_perfect_filter
                0x000000000041a8f9                ixgbe_fdir_remove_perfect_filter
                0x000000000041a997                ixgbe_fdir_info_get
 *fill*         0x000000000041ab7f        0x1 90909090
 .text          0x000000000041ab80     0x5a23 /home/peter/dpdk-1.2.3r2/x86_64-default-linuxapp-gcc/lib/librte_pmd_ixgbe.a(ixgbe_common.o)
                0x000000000041ab90                ixgbe_init_ops_generic
                0x000000000041ae39                ixgbe_start_hw_generic
                0x000000000041aeeb                ixgbe_start_hw_gen2
                0x000000000041b07a                ixgbe_init_hw_generic
                0x000000000041b0b9                ixgbe_clear_hw_cntrs_generic
                0x000000000041b8c7                ixgbe_read_pba_string_generic
                0x000000000041bba0                ixgbe_read_pba_num_generic
                0x000000000041bc45                ixgbe_get_mac_addr_generic
                0x000000000041bcf6                ixgbe_get_bus_info_generic
                0x000000000041bdf3                ixgbe_set_lan_id_multi_port_pcie
                0x000000000041be81                ixgbe_stop_adapter_generic
                0x000000000041bfe6                ixgbe_led_on_generic
                0x000000000041c06e                ixgbe_led_off_generic
                0x000000000041c0f6                ixgbe_init_eeprom_params_generic
                0x000000000041c1ca                ixgbe_write_eeprom_buffer_bit_bang_generic
                0x000000000041c499                ixgbe_write_eeprom_generic
                0x000000000041c503                ixgbe_read_eeprom_buffer_bit_bang_generic
                0x000000000041c71a                ixgbe_read_eeprom_bit_bang_generic
                0x000000000041c782                ixgbe_read_eerd_buffer_generic
                0x000000000041c959                ixgbe_read_eerd_generic
                0x000000000041c98d                ixgbe_write_eewr_buffer_generic
                0x000000000041ca8c                ixgbe_write_eewr_generic
                0x000000000041cac2                ixgbe_poll_eerd_eewr_done
                0x000000000041d241                ixgbe_calc_eeprom_checksum_generic
                0x000000000041d395                ixgbe_validate_eeprom_checksum_generic
                0x000000000041d431                ixgbe_update_eeprom_checksum_generic
                0x000000000041d4a3                ixgbe_validate_mac_addr
                0x000000000041d554                ixgbe_set_rar_generic
                0x000000000041d6c8                ixgbe_clear_rar_generic
                0x000000000041d7bd                ixgbe_init_rx_addrs_generic
                0x000000000041d965                ixgbe_add_uc_addr
                0x000000000041d9f8                ixgbe_update_uc_addr_list_generic
                0x000000000041dcdb                ixgbe_set_mta
                0x000000000041dd67                ixgbe_update_mc_addr_list_generic
                0x000000000041deef                ixgbe_enable_mc_generic
                0x000000000041df34                ixgbe_disable_mc_generic
                0x000000000041df76                ixgbe_fc_enable_generic
                0x000000000041e197                ixgbe_fc_autoneg
                0x000000000041e96f                ixgbe_disable_pcie_master
                0x000000000041ea2f                ixgbe_acquire_swfw_sync
                0x000000000041eaf8                ixgbe_release_swfw_sync
                0x000000000041eb5e                ixgbe_enable_rx_dma_generic
                0x000000000041eb83                ixgbe_blink_led_start_generic
                0x000000000041ec95                ixgbe_blink_led_stop_generic
                0x000000000041ed9f                ixgbe_get_san_mac_addr_generic
                0x000000000041ee9e                ixgbe_set_san_mac_addr_generic
                0x000000000041ef95                ixgbe_get_pcie_msix_count_generic
                0x000000000041efc9                ixgbe_insert_mac_addr_generic
                0x000000000041f1e4                ixgbe_clear_vmdq_generic
                0x000000000041f371                ixgbe_set_vmdq_generic
                0x000000000041f45c                ixgbe_init_uta_tables_generic
                0x000000000041f49b                ixgbe_find_vlvf_slot
                0x000000000041f53e                ixgbe_set_vfta_generic
                0x000000000041f872                ixgbe_clear_vfta_generic
                0x000000000041f924                ixgbe_check_mac_link_generic
                0x000000000041fa75                ixgbe_get_wwn_prefix_generic
                0x000000000041fb66                ixgbe_get_fcoe_boot_status_generic
                0x000000000041fc9e                ixgbe_set_mac_anti_spoofing
                0x000000000041fd89                ixgbe_set_vlan_anti_spoofing
                0x000000000041fe44                ixgbe_get_device_caps_generic
                0x000000000041fe78                ixgbe_enable_relaxed_ordering_gen2
                0x00000000004201ef                ixgbe_set_fw_drv_ver_generic
                0x000000000042030c                ixgbe_set_rxpba_generic
                0x00000000004204d9                ixgbe_clear_tx_pending
 *fill*         0x00000000004205a3        0x1 90909090
 .text          0x00000000004205a4     0x457d /home/peter/dpdk-1.2.3r2/x86_64-default-linuxapp-gcc/lib/librte_pmd_ixgbe.a(ixgbe_82599.o)
                0x00000000004205dc                ixgbe_init_mac_link_ops_82599
                0x00000000004206e5                ixgbe_init_phy_ops_82599
                0x00000000004207cc                ixgbe_setup_sfp_modules_82599
                0x00000000004209e9                ixgbe_init_ops_82599
                0x0000000000420c94                ixgbe_get_link_capabilities_82599
                0x0000000000420f10                ixgbe_get_media_type_82599
                0x0000000000420fe2                ixgbe_start_mac_link_82599
                0x00000000004210c4                ixgbe_disable_tx_laser_multispeed_fiber
                0x0000000000421119                ixgbe_enable_tx_laser_multispeed_fiber
                0x000000000042116e                ixgbe_flap_tx_laser_multispeed_fiber
                0x00000000004211b0                ixgbe_setup_mac_link_multispeed_fiber
                0x00000000004214cf                ixgbe_setup_mac_link_smartspeed
                0x00000000004216ef                ixgbe_setup_mac_link_82599
                0x00000000004219a5                ixgbe_reset_hw_82599
                0x0000000000421d45                ixgbe_reinit_fdir_tables_82599
                0x0000000000421ff9                ixgbe_init_fdir_signature_82599
                0x0000000000422027                ixgbe_init_fdir_perfect_82599
                0x0000000000422055                ixgbe_atr_compute_sig_hash_82599
                0x000000000042320c                ixgbe_fdir_add_signature_filter_82599
                0x00000000004232ca                ixgbe_atr_compute_perfect_hash_82599
                0x0000000000423ada                ixgbe_fdir_set_input_mask_82599
                0x0000000000423d29                ixgbe_fdir_write_perfect_filter_82599
                0x000000000042409e                ixgbe_fdir_erase_perfect_filter_82599
                0x00000000004241aa                ixgbe_fdir_add_perfect_filter_82599
                0x000000000042429b                ixgbe_read_analog_reg8_82599
                0x0000000000424310                ixgbe_write_analog_reg8_82599
                0x000000000042436c                ixgbe_start_hw_82599
                0x00000000004243d7                ixgbe_identify_phy_82599
                0x0000000000424465                ixgbe_get_supported_physical_layer_82599
                0x0000000000424792                ixgbe_enable_rx_dma_82599
                0x0000000000424945                ixgbe_verify_lesm_fw_enabled_82599
 *fill*         0x0000000000424b21        0x3 90909090
 .text          0x0000000000424b24     0x26a4 /home/peter/dpdk-1.2.3r2/x86_64-default-linuxapp-gcc/lib/librte_pmd_ixgbe.a(ixgbe_phy.o)
                0x0000000000424b34                ixgbe_init_phy_ops_generic
                0x0000000000424c12                ixgbe_identify_phy_generic
                0x0000000000424d2f                ixgbe_validate_phy_addr
                0x0000000000424d9d                ixgbe_get_phy_id
                0x0000000000424e5e                ixgbe_get_phy_type_from_id
                0x0000000000424ec0                ixgbe_reset_phy_generic
                0x0000000000424fd2                ixgbe_read_phy_reg_generic
                0x00000000004251b1                ixgbe_write_phy_reg_generic
                0x000000000042537c                ixgbe_setup_phy_link_generic
                0x000000000042560b                ixgbe_setup_phy_link_speed_generic
                0x00000000004256b4                ixgbe_get_copper_link_capabilities_generic
                0x0000000000425774                ixgbe_check_phy_link_tnx
                0x0000000000425846                ixgbe_setup_phy_link_tnx
                0x0000000000425ad2                ixgbe_get_phy_firmware_version_tnx
                0x0000000000425b17                ixgbe_get_phy_firmware_version_generic
                0x0000000000425b5c                ixgbe_reset_phy_nl
                0x0000000000425df9                ixgbe_identify_sfp_module_generic
                0x0000000000426527                ixgbe_get_sfp_init_sequence_offsets
                0x0000000000426714                ixgbe_read_i2c_eeprom_generic
                0x0000000000426750                ixgbe_write_i2c_eeprom_generic
                0x000000000042678c                ixgbe_read_i2c_byte_generic
                0x0000000000426997                ixgbe_write_i2c_byte_generic
                0x00000000004270ab                ixgbe_i2c_bus_clear
                0x0000000000427158                ixgbe_tn_check_overtemp
 .text          0x00000000004271c8     0x1406 /home/peter/dpdk-1.2.3r2/x86_64-default-linuxapp-gcc/lib/librte_pmd_ixgbe.a(ixgbe_api.o)
                0x00000000004271c8                ixgbe_init_shared_code
                0x000000000042724c                ixgbe_set_mac_type
                0x0000000000427402                ixgbe_init_hw
                0x0000000000427435                ixgbe_reset_hw
                0x0000000000427468                ixgbe_start_hw
                0x000000000042749b                ixgbe_enable_relaxed_ordering
                0x00000000004274c7                ixgbe_clear_hw_cntrs
                0x00000000004274fa                ixgbe_get_media_type
                0x000000000042752d                ixgbe_get_mac_addr
                0x000000000042756b                ixgbe_get_san_mac_addr
                0x00000000004275a9                ixgbe_set_san_mac_addr
                0x00000000004275e7                ixgbe_get_device_caps
                0x0000000000427625                ixgbe_get_wwn_prefix
                0x000000000042766c                ixgbe_get_fcoe_boot_status
                0x00000000004276aa                ixgbe_get_bus_info
                0x00000000004276e3                ixgbe_get_num_of_tx_queues
                0x00000000004276f7                ixgbe_get_num_of_rx_queues
                0x000000000042770b                ixgbe_stop_adapter
                0x000000000042773e                ixgbe_read_pba_string
                0x0000000000427769                ixgbe_read_pba_num
                0x000000000042778e                ixgbe_identify_phy
                0x00000000004277e2                ixgbe_reset_phy
                0x0000000000427853                ixgbe_get_phy_firmware_version
                0x00000000004278a4                ixgbe_read_phy_reg
                0x000000000042790c                ixgbe_write_phy_reg
                0x0000000000427976                ixgbe_setup_phy_link
                0x00000000004279af                ixgbe_check_phy_link
                0x00000000004279fc                ixgbe_setup_phy_link_speed
                0x0000000000427a48                ixgbe_check_link
                0x0000000000427a98                ixgbe_disable_tx_laser
                0x0000000000427aca                ixgbe_enable_tx_laser
                0x0000000000427afc                ixgbe_flap_tx_laser
                0x0000000000427b2e                ixgbe_setup_link
                0x0000000000427b7a                ixgbe_get_link_capabilities
                0x0000000000427bc7                ixgbe_led_on
                0x0000000000427c08                ixgbe_led_off
                0x0000000000427c49                ixgbe_blink_led_start
                0x0000000000427c8a                ixgbe_blink_led_stop
                0x0000000000427ccb                ixgbe_init_eeprom_params
                0x0000000000427d04                ixgbe_write_eeprom
                0x0000000000427d54                ixgbe_write_eeprom_buffer
                0x0000000000427da8                ixgbe_read_eeprom
                0x0000000000427df6                ixgbe_read_eeprom_buffer
                0x0000000000427e4a                ixgbe_validate_eeprom_checksum
                0x0000000000427e8e                ixgbe_update_eeprom_checksum
                0x0000000000427ec7                ixgbe_insert_mac_addr
                0x0000000000427f12                ixgbe_set_rar
                0x0000000000427f6a                ixgbe_clear_rar
                0x0000000000427fab                ixgbe_set_vmdq
                0x0000000000427ff3                ixgbe_clear_vmdq
                0x000000000042803b                ixgbe_init_rx_addrs
                0x0000000000428074                ixgbe_get_num_rx_addrs
                0x0000000000428088                ixgbe_update_uc_addr_list
                0x00000000004280d8                ixgbe_update_mc_addr_list
                0x0000000000428132                ixgbe_enable_mc
                0x000000000042816b                ixgbe_disable_mc
                0x00000000004281a4                ixgbe_clear_vfta
                0x00000000004281dd                ixgbe_set_vfta
                0x0000000000428229                ixgbe_fc_enable
                0x000000000042826a                ixgbe_set_fw_drv_ver
                0x00000000004282c9                ixgbe_read_analog_reg8
                0x0000000000428313                ixgbe_write_analog_reg8
                0x000000000042835e                ixgbe_init_uta_tables
                0x0000000000428397                ixgbe_read_i2c_byte
                0x00000000004283ea                ixgbe_write_i2c_byte
                0x000000000042843c                ixgbe_write_i2c_eeprom
                0x000000000042848a                ixgbe_read_i2c_eeprom
                0x00000000004284d7                ixgbe_get_supported_physical_layer
                0x000000000042850a                ixgbe_enable_rx_dma
                0x000000000042854b                ixgbe_acquire_swfw_semaphore
                0x0000000000428590                ixgbe_release_swfw_semaphore
 *fill*         0x00000000004285ce        0x2 90909090
 .text          0x00000000004285d0      0x957 /home/peter/dpdk-1.2.3r2/x86_64-default-linuxapp-gcc/lib/librte_pmd_ixgbe.a(ixgbe_vf.o)
                0x00000000004285e0                ixgbe_init_ops_vf
                0x0000000000428722                ixgbe_start_hw_vf
                0x000000000042873f                ixgbe_init_hw_vf
                0x0000000000428783                ixgbe_reset_hw_vf
                0x00000000004288e8                ixgbe_stop_adapter_vf
                0x0000000000428b01                ixgbe_set_rar_vf
                0x0000000000428be8                ixgbe_update_mc_addr_list_vf
                0x0000000000428cb7                ixgbe_set_vfta_vf
                0x0000000000428d17                ixgbe_get_num_of_tx_queues_vf
                0x0000000000428d26                ixgbe_get_num_of_rx_queues_vf
                0x0000000000428d35                ixgbe_get_mac_addr_vf
                0x0000000000428d78                ixgbevf_set_uc_addr_vf
                0x0000000000428e5c                ixgbe_setup_mac_link_vf
                0x0000000000428e74                ixgbe_check_mac_link_vf
 *fill*         0x0000000000428f27        0x1 90909090
 .text          0x0000000000428f28      0xde3 /home/peter/dpdk-1.2.3r2/x86_64-default-linuxapp-gcc/lib/librte_pmd_ixgbe.a(ixgbe_mbx.o)
                0x0000000000428f38                ixgbe_read_mbx
                0x0000000000428fb4                ixgbe_write_mbx
                0x000000000042902d                ixgbe_check_for_msg
                0x0000000000429080                ixgbe_check_for_ack
                0x00000000004290d3                ixgbe_check_for_rst
                0x0000000000429244                ixgbe_read_posted_mbx
                0x00000000004292c4                ixgbe_write_posted_mbx
                0x000000000042934c                ixgbe_init_mbx_ops_generic
                0x00000000004296d0                ixgbe_init_mbx_params_vf
                0x0000000000429c23                ixgbe_init_mbx_params_pf
 *fill*         0x0000000000429d0b        0x1 90909090
 .text          0x0000000000429d0c     0x4352 /home/peter/dpdk-1.2.3r2/x86_64-default-linuxapp-gcc/lib/librte_pmd_ixgbe.a(ixgbe_rxtx.o)
                0x000000000042ae99                ixgbe_xmit_pkts
                0x000000000042b3bc                ixgbe_recv_pkts
                0x000000000042b6db                ixgbe_recv_scattered_pkts
                0x000000000042bc8a                ixgbe_dev_tx_queue_alloc
                0x000000000042bf35                ixgbe_dev_tx_queue_setup
                0x000000000042c44b                ixgbe_dev_rx_queue_alloc
                0x000000000042c61c                ixgbe_dev_rx_queue_setup
                0x000000000042c88b                ixgbe_dev_clear_queues
                0x000000000042cfe5                ixgbe_dev_rx_init
                0x000000000042d4cd                ixgbe_dev_tx_init
                0x000000000042d716                ixgbe_dev_rxtx_start
                0x000000000042daa4                ixgbevf_dev_rx_init
                0x000000000042dc76                ixgbevf_dev_tx_init
                0x000000000042ddcd                ixgbevf_dev_rxtx_start
 *fill*         0x000000000042e05e        0x2 90909090
 .text          0x000000000042e060     0x1c9a /home/peter/dpdk-1.2.3r2/x86_64-default-linuxapp-gcc/lib/librte_pmd_ixgbe.a(ixgbe_82598.o)
                0x000000000042e070                ixgbe_set_pcie_completion_timeout
                0x000000000042e0df                ixgbe_get_pcie_msix_count_82598
                0x000000000042e113                ixgbe_init_ops_82598
                0x000000000042e2e9                ixgbe_init_phy_ops_82598
                0x000000000042e40d                ixgbe_start_hw_82598
                0x000000000042e775                ixgbe_fc_enable_82598
                0x000000000042f2df                ixgbe_set_vmdq_82598
                0x000000000042f447                ixgbe_set_vfta_82598
                0x000000000042f61b                ixgbe_read_analog_reg8_82598
                0x000000000042f690                ixgbe_write_analog_reg8_82598
                0x000000000042f6ec                ixgbe_read_i2c_eeprom_82598
                0x000000000042f817                ixgbe_get_supported_physical_layer_82598
                0x000000000042fa38                ixgbe_set_lan_id_multi_port_pcie_82598
                0x000000000042faf5                ixgbe_enable_relaxed_ordering_82598
 *fill*         0x000000000042fcfa        0x2 90909090
 .text          0x000000000042fcfc     0x1218 /home/peter/dpdk-1.2.3r2/x86_64-default-linuxapp-gcc/lib/librte_pmd_ixgbe.a(ixgbe_x540.o)
                0x000000000042fd0c                ixgbe_init_ops_X540
                0x0000000000430020                ixgbe_get_link_capabilities_X540
                0x0000000000430052                ixgbe_get_media_type_X540
                0x0000000000430061                ixgbe_setup_mac_link_X540
                0x0000000000430096                ixgbe_reset_hw_X540
                0x000000000043029a                ixgbe_start_hw_X540
                0x00000000004302d9                ixgbe_get_supported_physical_layer_X540
                0x0000000000430355                ixgbe_init_eeprom_params_X540
                0x00000000004303e2                ixgbe_read_eerd_X540
                0x000000000043045c                ixgbe_read_eerd_buffer_X540
                0x00000000004304dc                ixgbe_write_eewr_X540
                0x0000000000430558                ixgbe_write_eewr_buffer_X540
                0x00000000004305d8                ixgbe_calc_eeprom_checksum_X540
                0x000000000043077e                ixgbe_validate_eeprom_checksum_X540
                0x0000000000430858                ixgbe_update_eeprom_checksum_X540
                0x0000000000430a44                ixgbe_acquire_swfw_sync_X540
                0x0000000000430bcb                ixgbe_release_swfw_sync_X540
                0x0000000000430d88                ixgbe_blink_led_start_X540
                0x0000000000430e42                ixgbe_blink_led_stop_X540
 .text          0x0000000000430f14      0x7e6 /home/peter/dpdk-1.2.3r2/x86_64-default-linuxapp-gcc/lib/librte_mbuf.a(rte_mbuf.o)
                0x00000000004310bf                rte_ctrlmbuf_init
                0x000000000043115e                rte_pktmbuf_pool_init
                0x00000000004311a0                rte_pktmbuf_init
                0x000000000043144f                rte_mbuf_sanity_check
                0x00000000004315e5                rte_pktmbuf_dump
 *fill*         0x00000000004316fa        0x2 90909090
 .text          0x00000000004316fc     0x2045 /home/peter/dpdk-1.2.3r2/x86_64-default-linuxapp-gcc/lib/libethdev.a(rte_ethdev.o)
                0x0000000000431a77                rte_eth_driver_register
                0x0000000000431a9d                rte_eth_dev_count
                0x0000000000431aaa                rte_eth_dev_configure
                0x0000000000431eaf                rte_eth_dev_start
                0x0000000000431f59                rte_eth_dev_stop
                0x0000000000431fd0                rte_eth_dev_close
                0x0000000000432047                rte_eth_rx_queue_setup
                0x00000000004321a0                rte_eth_tx_queue_setup
                0x0000000000432270                rte_eth_promiscuous_enable
                0x00000000004322de                rte_eth_promiscuous_disable
                0x000000000043234c                rte_eth_promiscuous_get
                0x0000000000432391                rte_eth_allmulticast_enable
                0x00000000004323ff                rte_eth_allmulticast_disable
                0x000000000043246d                rte_eth_allmulticast_get
                0x000000000043250c                rte_eth_link_get
                0x00000000004325a7                rte_eth_link_get_nowait
                0x0000000000432642                rte_eth_stats_get
                0x00000000004326ba                rte_eth_stats_reset
                0x0000000000432710                rte_eth_dev_info_get
                0x00000000004327aa                rte_eth_macaddr_get
                0x00000000004327fc                rte_eth_dev_vlan_filter
                0x000000000043289e                rte_eth_dev_fdir_add_signature_filter
                0x000000000043298d                rte_eth_dev_fdir_update_signature_filter
                0x0000000000432a7c                rte_eth_dev_fdir_remove_signature_filter
                0x0000000000432b61                rte_eth_dev_fdir_get_infos
                0x0000000000432c0f                rte_eth_dev_fdir_add_perfect_filter
                0x0000000000432d22                rte_eth_dev_fdir_update_perfect_filter
                0x0000000000432e35                rte_eth_dev_fdir_remove_perfect_filter
                0x0000000000432f38                rte_eth_dev_fdir_set_masks
                0x0000000000432ff5                rte_eth_dev_flow_ctrl_set
                0x00000000004330a7                rte_eth_led_on
                0x0000000000433108                rte_eth_led_off
                0x00000000004331fe                rte_eth_dev_mac_addr_add
                0x0000000000433312                rte_eth_dev_mac_addr_remove
                0x00000000004333ed                rte_eth_dev_callback_register
                0x000000000043353b                rte_eth_dev_callback_unregister
                0x000000000043366e                _rte_eth_dev_callback_process
 *fill*         0x0000000000433741        0x3 90909090
 .text          0x0000000000433744      0x855 /home/peter/dpdk-1.2.3r2/x86_64-default-linuxapp-gcc/lib/librte_malloc.a(rte_malloc.o)
                0x0000000000433c96                rte_free
                0x0000000000433cdd                rte_malloc
                0x0000000000433d43                rte_zmalloc
                0x0000000000433d92                rte_calloc
                0x0000000000433dc9                rte_realloc
                0x0000000000433f03                rte_malloc_validate
                0x0000000000433f7c                rte_malloc_dump_stats
                0x0000000000433f86                rte_malloc_set_limit
 *fill*         0x0000000000433f99        0x3 90909090
 .text          0x0000000000433f9c      0x71d /home/peter/dpdk-1.2.3r2/x86_64-default-linuxapp-gcc/lib/librte_malloc.a(malloc_elem.o)
                0x000000000043402d                malloc_elem_init
                0x000000000043409d                malloc_elem_mkend
                0x0000000000434171                malloc_elem_can_hold
                0x0000000000434234                malloc_elem_alloc
                0x0000000000434428                malloc_elem_free
                0x0000000000434531                malloc_elem_resize
 *fill*         0x00000000004346b9        0x3 90909090
 .text          0x00000000004346bc      0x6a2 /home/peter/dpdk-1.2.3r2/x86_64-default-linuxapp-gcc/lib/librte_malloc.a(malloc_heap.o)
                0x0000000000434c61                malloc_heap_alloc
 *fill*         0x0000000000434d5e        0x2 90909090
 .text          0x0000000000434d60      0xd01 /home/peter/dpdk-1.2.3r2/x86_64-default-linuxapp-gcc/lib/librte_mempool.a(rte_mempool.o)
                0x0000000000435132                rte_mempool_create
                0x000000000043561e                rte_mempool_count
                0x00000000004357d7                rte_mempool_audit
                0x00000000004357f1                rte_mempool_dump
                0x000000000043596f                rte_mempool_list_dump
                0x00000000004359af                rte_mempool_lookup
 *fill*         0x0000000000435a61        0x3 90909090
 .text          0x0000000000435a64      0x774 /home/peter/dpdk-1.2.3r2/x86_64-default-linuxapp-gcc/lib/librte_ring.a(rte_ring.o)
                0x0000000000435c08                rte_ring_create
                0x0000000000435f27                rte_ring_set_water_mark
                0x0000000000435f66                rte_ring_dump
                0x00000000004360bd                rte_ring_list_dump
                0x000000000043612e                rte_ring_lookup
 .text          0x00000000004361d8     0x160d /home/peter/dpdk-1.2.3r2/x86_64-default-linuxapp-gcc/lib/librte_eal.a(eal.o)
                0x0000000000436478                rte_eal_get_configuration
                0x00000000004373ef                rte_eal_init
                0x00000000004377c2                rte_eal_lcore_role
                0x00000000004377d9                rte_eal_process_type
 *fill*         0x00000000004377e5        0x3 90909090
 .text          0x00000000004377e8      0xb87 /home/peter/dpdk-1.2.3r2/x86_64-default-linuxapp-gcc/lib/librte_eal.a(eal_hugepage_info.o)
                0x00000000004380ae                eal_hugepage_info_init
 *fill*         0x000000000043836f        0x1 90909090
 .text          0x0000000000438370     0x23fe /home/peter/dpdk-1.2.3r2/x86_64-default-linuxapp-gcc/lib/librte_eal.a(eal_memory.o)
                0x000000000043a720                rte_eal_memory_init
 *fill*         0x000000000043a76e        0x2 90909090
 .text          0x000000000043a770      0x5c6 /home/peter/dpdk-1.2.3r2/x86_64-default-linuxapp-gcc/lib/librte_eal.a(eal_thread.o)
                0x000000000043a822                rte_eal_remote_launch
                0x000000000043aaa4                eal_thread_init_master
                0x000000000043aade                eal_thread_loop
 *fill*         0x000000000043ad36        0x2 90909090
 .text          0x000000000043ad38      0x1de /home/peter/dpdk-1.2.3r2/x86_64-default-linuxapp-gcc/lib/librte_eal.a(eal_log.o)
                0x000000000043ae8c                rte_eal_log_init
 *fill*         0x000000000043af16        0x2 90909090
 .text          0x000000000043af18     0x2343 /home/peter/dpdk-1.2.3r2/x86_64-default-linuxapp-gcc/lib/librte_eal.a(eal_pci.o)
                0x000000000043cf6b                rte_eal_pci_probe_one_driver
                0x000000000043d1bc                rte_eal_pci_init
 *fill*         0x000000000043d25b        0x1 90909090
 .text          0x000000000043d25c      0x271 /home/peter/dpdk-1.2.3r2/x86_64-default-linuxapp-gcc/lib/librte_eal.a(eal_debug.o)
                0x000000000043d25c                rte_dump_stack
                0x000000000043d2e1                rte_dump_registers
                0x000000000043d2e7                __rte_panic
                0x000000000043d3cc                rte_exit
 *fill*         0x000000000043d4cd        0x3 90909090
 .text          0x000000000043d4d0      0x51e /home/peter/dpdk-1.2.3r2/x86_64-default-linuxapp-gcc/lib/librte_eal.a(eal_lcore.o)
                0x000000000043d6d6                rte_eal_cpu_init
 *fill*         0x000000000043d9ee        0x2 90909090
 .text          0x000000000043d9f0      0x75c /home/peter/dpdk-1.2.3r2/x86_64-default-linuxapp-gcc/lib/librte_eal.a(eal_hpet.o)
                0x000000000043deb8                rte_eal_hpet_init
                0x000000000043e08b                rte_get_hpet_hz
                0x000000000043e098                rte_get_hpet_cycles
                0x000000000043e0f5                rte_delay_us
 .text          0x000000000043e14c      0xd62 /home/peter/dpdk-1.2.3r2/x86_64-default-linuxapp-gcc/lib/librte_eal.a(eal_interrupts.o)
                0x000000000043e19b                rte_intr_callback_register
                0x000000000043e452                rte_intr_callback_unregister
                0x000000000043e652                rte_intr_enable
                0x000000000043e744                rte_intr_disable
                0x000000000043ee1a                rte_eal_intr_init
 *fill*         0x000000000043eeae        0x2 90909090
 .text          0x000000000043eeb0      0x70a /home/peter/dpdk-1.2.3r2/x86_64-default-linuxapp-gcc/lib/librte_eal.a(eal_alarm.o)
                0x000000000043eeff                rte_eal_alarm_init
                0x000000000043f113                rte_eal_alarm_set
                0x000000000043f445                rte_eal_alarm_cancel
 *fill*         0x000000000043f5ba        0x2 90909090
 .text          0x000000000043f5bc      0xf61 /home/peter/dpdk-1.2.3r2/x86_64-default-linuxapp-gcc/lib/librte_eal.a(eal_common_memzone.o)
                0x000000000043f728                rte_memzone_reserve
                0x000000000043f75c                rte_memzone_reserve_aligned
                0x000000000043ff3a                rte_memzone_lookup
                0x000000000043fffd                rte_memzone_dump
                0x00000000004401ea                rte_eal_memzone_init
 *fill*         0x000000000044051d        0x3 90909090
 .text          0x0000000000440520      0xf7b /home/peter/dpdk-1.2.3r2/x86_64-default-linuxapp-gcc/lib/librte_eal.a(eal_common_log.o)
                0x0000000000440ead                rte_log_add_in_history
                0x000000000044100a                rte_log_set_history
                0x000000000044101c                rte_openlog_stream
                0x000000000044104d                rte_set_log_level
                0x000000000044105f                rte_set_log_type
                0x0000000000441095                rte_log_cur_msg_loglevel
                0x00000000004410b6                rte_log_cur_msg_logtype
                0x00000000004410d8                rte_log_dump_history
                0x00000000004411f2                rte_vlog
                0x000000000044126d                rte_log
                0x0000000000441320                rte_eal_log_early_init
                0x00000000004413a0                rte_eal_common_log_init
 *fill*         0x000000000044149b        0x1 90909090
 .text          0x000000000044149c      0x27b /home/peter/dpdk-1.2.3r2/x86_64-default-linuxapp-gcc/lib/librte_eal.a(eal_common_launch.o)
                0x0000000000441540                rte_eal_wait_lcore
                0x00000000004415b4                rte_eal_mp_remote_launch
                0x00000000004416b4                rte_eal_get_lcore_state
                0x00000000004416cd                rte_eal_mp_wait_lcore
 *fill*         0x0000000000441717        0x1 90909090
 .text          0x0000000000441718      0x316 /home/peter/dpdk-1.2.3r2/x86_64-default-linuxapp-gcc/lib/librte_eal.a(eal_common_pci.o)
                0x00000000004418b5                rte_eal_pci_probe
                0x0000000000441993                rte_eal_pci_dump
                0x00000000004419d0                rte_eal_pci_register
                0x0000000000441a0d                rte_eal_pci_set_blacklist
 *fill*         0x0000000000441a2e        0x2 90909090
 .text          0x0000000000441a30      0x1e3 /home/peter/dpdk-1.2.3r2/x86_64-default-linuxapp-gcc/lib/librte_eal.a(eal_common_memory.o)
                0x0000000000441a30                rte_eal_get_physmem_layout
                0x0000000000441a46                rte_eal_get_physmem_size
                0x0000000000441ada                rte_dump_physmem_layout
                0x0000000000441bea                rte_memory_get_nchannel
                0x0000000000441bfe                rte_memory_get_nrank
 *fill*         0x0000000000441c13        0x1 90909090
 .text          0x0000000000441c14      0x3cb /home/peter/dpdk-1.2.3r2/x86_64-default-linuxapp-gcc/lib/librte_eal.a(eal_common_tailqs.o)
                0x0000000000441d4d                rte_eal_tailq_lookup
                0x0000000000441dd9                rte_eal_tailq_reserve
                0x0000000000441f24                rte_eal_tailqs_init
 *fill*         0x0000000000441fdf        0x1 90909090
 .text          0x0000000000441fe0      0x1d8 /home/peter/dpdk-1.2.3r2/x86_64-default-linuxapp-gcc/lib/librte_eal.a(eal_common_errno.o)
                0x0000000000442119                rte_strerror
 *fill*         0x00000000004421b8        0x8 90909090
 .text          0x00000000004421c0       0x92 /usr/lib/x86_64-linux-gnu/libc_nonshared.a(elf-init.oS)
                0x00000000004421c0                __libc_csu_init
                0x0000000000442250                __libc_csu_fini
 *fill*         0x0000000000442252        0xe 90909090
 .text          0x0000000000442260        0xf /usr/lib/x86_64-linux-gnu/libc_nonshared.a(fstat.oS)
                0x0000000000442260                fstat
                0x0000000000442260                __fstat
 *fill*         0x000000000044226f        0x1 90909090
 .text          0x0000000000442270       0x36 /usr/lib/gcc/x86_64-linux-gnu/4.6/crtend.o
 *fill*         0x00000000004422a6        0x2 90909090
 .text          0x00000000004422a8        0x0 /usr/lib/gcc/x86_64-linux-gnu/4.6/../../../x86_64-linux-gnu/crtn.o
 *(.gnu.warning)

.fini           0x00000000004422a8        0xe
 *(.fini)
 .fini          0x00000000004422a8        0x4 /usr/lib/gcc/x86_64-linux-gnu/4.6/../../../x86_64-linux-gnu/crti.o
                0x00000000004422a8                _fini
 .fini          0x00000000004422ac        0x5 /usr/lib/gcc/x86_64-linux-gnu/4.6/crtbegin.o
 .fini          0x00000000004422b1        0x5 /usr/lib/gcc/x86_64-linux-gnu/4.6/../../../x86_64-linux-gnu/crtn.o
                0x00000000004422b6                PROVIDE (__etext, .)
                0x00000000004422b6                PROVIDE (_etext, .)
                0x00000000004422b6                PROVIDE (etext, .)

.rodata         0x00000000004422c0     0x3604
 *(.rodata .rodata.* .gnu.linkonce.r.*)
 .rodata.cst4   0x00000000004422c0        0x4 /usr/lib/gcc/x86_64-linux-gnu/4.6/../../../x86_64-linux-gnu/crt1.o
                0x00000000004422c0                _IO_stdin_used
 *fill*         0x00000000004422c4        0x4 00
 .rodata        0x00000000004422c8      0x47a main.o
 .rodata        0x0000000000442742       0x12 /home/peter/dpdk-1.2.3r2/x86_64-default-linuxapp-gcc/lib/librte_pmd_igb.a(e1000_ethdev.o)
 *fill*         0x0000000000442754        0xc 00
 .rodata        0x0000000000442760      0x10a /home/peter/dpdk-1.2.3r2/x86_64-default-linuxapp-gcc/lib/librte_pmd_igb.a(e1000_phy.o)
 *fill*         0x000000000044286a        0x6 00
 .rodata        0x0000000000442870       0x16 /home/peter/dpdk-1.2.3r2/x86_64-default-linuxapp-gcc/lib/librte_pmd_igb.a(e1000_82575.o)
 *fill*         0x0000000000442886        0x2 00
 .rodata        0x0000000000442888      0x174 /home/peter/dpdk-1.2.3r2/x86_64-default-linuxapp-gcc/lib/librte_pmd_igb.a(e1000_rxtx.o)
 .rodata        0x00000000004429fc       0x2c /home/peter/dpdk-1.2.3r2/x86_64-default-linuxapp-gcc/lib/librte_pmd_ixgbe.a(ixgbe_ethdev.o)
 *fill*         0x0000000000442a28        0x8 00
 .rodata        0x0000000000442a30       0x31 /home/peter/dpdk-1.2.3r2/x86_64-default-linuxapp-gcc/lib/librte_pmd_ixgbe.a(ixgbe_common.o)
 *fill*         0x0000000000442a61        0x7 00
 .rodata        0x0000000000442a68       0x30 /home/peter/dpdk-1.2.3r2/x86_64-default-linuxapp-gcc/lib/librte_pmd_ixgbe.a(ixgbe_api.o)
 *fill*         0x0000000000442a98        0x8 00
 .rodata        0x0000000000442aa0       0x31 /home/peter/dpdk-1.2.3r2/x86_64-default-linuxapp-gcc/lib/librte_pmd_ixgbe.a(ixgbe_vf.o)
 *fill*         0x0000000000442ad1        0x7 00
 .rodata        0x0000000000442ad8      0x29c /home/peter/dpdk-1.2.3r2/x86_64-default-linuxapp-gcc/lib/librte_pmd_ixgbe.a(ixgbe_rxtx.o)
 *fill*         0x0000000000442d74        0x4 00
 .rodata        0x0000000000442d78      0x178 /home/peter/dpdk-1.2.3r2/x86_64-default-linuxapp-gcc/lib/librte_pmd_ixgbe.a(ixgbe_82598.o)
 .rodata        0x0000000000442ef0      0x186 /home/peter/dpdk-1.2.3r2/x86_64-default-linuxapp-gcc/lib/librte_mbuf.a(rte_mbuf.o)
 *fill*         0x0000000000443076        0xa 00
 .rodata        0x0000000000443080       0x97 /home/peter/dpdk-1.2.3r2/x86_64-default-linuxapp-gcc/lib/libethdev.a(rte_ethdev.o)
 *fill*         0x0000000000443117        0x1 00
 .rodata        0x0000000000443118       0x7a /home/peter/dpdk-1.2.3r2/x86_64-default-linuxapp-gcc/lib/librte_malloc.a(rte_malloc.o)
 *fill*         0x0000000000443192        0xe 00
 .rodata        0x00000000004431a0       0x46 /home/peter/dpdk-1.2.3r2/x86_64-default-linuxapp-gcc/lib/librte_malloc.a(malloc_elem.o)
 *fill*         0x00000000004431e6        0x2 00
 .rodata        0x00000000004431e8       0x1f /home/peter/dpdk-1.2.3r2/x86_64-default-linuxapp-gcc/lib/librte_malloc.a(malloc_heap.o)
 *fill*         0x0000000000443207        0x9 00
 .rodata        0x0000000000443210      0x194 /home/peter/dpdk-1.2.3r2/x86_64-default-linuxapp-gcc/lib/librte_mempool.a(rte_mempool.o)
 *fill*         0x00000000004433a4        0x4 00
 .rodata        0x00000000004433a8      0x10b /home/peter/dpdk-1.2.3r2/x86_64-default-linuxapp-gcc/lib/librte_ring.a(rte_ring.o)
 *fill*         0x00000000004434b3        0xd 00
 .rodata        0x00000000004434c0      0x936 /home/peter/dpdk-1.2.3r2/x86_64-default-linuxapp-gcc/lib/librte_eal.a(eal.o)
 *fill*         0x0000000000443df6        0xa 00
 .rodata        0x0000000000443e00      0x1b2 /home/peter/dpdk-1.2.3r2/x86_64-default-linuxapp-gcc/lib/librte_eal.a(eal_hugepage_info.o)
 *fill*         0x0000000000443fb2        0xe 00
 .rodata        0x0000000000443fc0      0x5d2 /home/peter/dpdk-1.2.3r2/x86_64-default-linuxapp-gcc/lib/librte_eal.a(eal_memory.o)
 *fill*         0x0000000000444592        0xe 00
 .rodata        0x00000000004445a0      0x156 /home/peter/dpdk-1.2.3r2/x86_64-default-linuxapp-gcc/lib/librte_eal.a(eal_thread.o)
 .rodata        0x00000000004446f6        0xa /home/peter/dpdk-1.2.3r2/x86_64-default-linuxapp-gcc/lib/librte_eal.a(eal_log.o)
 .rodata        0x0000000000444700      0x721 /home/peter/dpdk-1.2.3r2/x86_64-default-linuxapp-gcc/lib/librte_eal.a(eal_pci.o)
 *fill*         0x0000000000444e21        0x7 00
 .rodata        0x0000000000444e28       0x4b /home/peter/dpdk-1.2.3r2/x86_64-default-linuxapp-gcc/lib/librte_eal.a(eal_debug.o)
 *fill*         0x0000000000444e73        0xd 00
 .rodata        0x0000000000444e80      0x127 /home/peter/dpdk-1.2.3r2/x86_64-default-linuxapp-gcc/lib/librte_eal.a(eal_lcore.o)
 *fill*         0x0000000000444fa7        0x1 00
 .rodata        0x0000000000444fa8      0x220 /home/peter/dpdk-1.2.3r2/x86_64-default-linuxapp-gcc/lib/librte_eal.a(eal_hpet.o)
 *fill*         0x00000000004451c8        0x8 00
 .rodata        0x00000000004451d0      0x275 /home/peter/dpdk-1.2.3r2/x86_64-default-linuxapp-gcc/lib/librte_eal.a(eal_interrupts.o)
 *fill*         0x0000000000445445        0xb 00
 .rodata        0x0000000000445450      0x28c /home/peter/dpdk-1.2.3r2/x86_64-default-linuxapp-gcc/lib/librte_eal.a(eal_common_memzone.o)
 *fill*         0x00000000004456dc        0x4 00
 .rodata        0x00000000004456e0       0x88 /home/peter/dpdk-1.2.3r2/x86_64-default-linuxapp-gcc/lib/librte_eal.a(eal_common_log.o)
 .rodata        0x0000000000445768       0x40 /home/peter/dpdk-1.2.3r2/x86_64-default-linuxapp-gcc/lib/librte_eal.a(eal_common_pci.o)
 .rodata        0x00000000004457a8       0x2e /home/peter/dpdk-1.2.3r2/x86_64-default-linuxapp-gcc/lib/librte_eal.a(eal_common_memory.o)
 *fill*         0x00000000004457d6        0xa 00
 .rodata        0x00000000004457e0       0x76 /home/peter/dpdk-1.2.3r2/x86_64-default-linuxapp-gcc/lib/librte_eal.a(eal_common_tailqs.o)
 *fill*         0x0000000000445856        0x2 00
 .rodata        0x0000000000445858       0x6c /home/peter/dpdk-1.2.3r2/x86_64-default-linuxapp-gcc/lib/librte_eal.a(eal_common_errno.o)

.rodata1
 *(.rodata1)

.eh_frame_hdr   0x00000000004458c4     0x26c4
 *(.eh_frame_hdr)
 .eh_frame_hdr  0x00000000004458c4     0x26c4 /usr/lib/gcc/x86_64-linux-gnu/4.6/../../../x86_64-linux-gnu/crt1.o

.eh_frame       0x0000000000447f88     0x9d6c
 *(.eh_frame)
 .eh_frame      0x0000000000447f88       0x40 /usr/lib/gcc/x86_64-linux-gnu/4.6/../../../x86_64-linux-gnu/crt1.o
 .eh_frame      0x0000000000447fc8      0x508 main.o
                                        0x518 (size before relaxing)
 .eh_frame      0x00000000004484d0      0x518 /home/peter/dpdk-1.2.3r2/x86_64-default-linuxapp-gcc/lib/librte_pmd_igb.a(e1000_ethdev.o)
                                        0x528 (size before relaxing)
 .eh_frame      0x00000000004489e8      0x140 /home/peter/dpdk-1.2.3r2/x86_64-default-linuxapp-gcc/lib/librte_pmd_igb.a(e1000_manage.o)
                                        0x158 (size before relaxing)
 .eh_frame      0x0000000000448b28      0x6c0 /home/peter/dpdk-1.2.3r2/x86_64-default-linuxapp-gcc/lib/librte_pmd_igb.a(e1000_mac.o)
                                        0x6c8 (size before relaxing)
 .eh_frame      0x00000000004491e8      0x7e0 /home/peter/dpdk-1.2.3r2/x86_64-default-linuxapp-gcc/lib/librte_pmd_igb.a(e1000_phy.o)
                                        0x7f8 (size before relaxing)
 .eh_frame      0x00000000004499c8      0x6b0 /home/peter/dpdk-1.2.3r2/x86_64-default-linuxapp-gcc/lib/librte_pmd_igb.a(e1000_82575.o)
                                        0x6c0 (size before relaxing)
 .eh_frame      0x000000000044a078      0x7c0 /home/peter/dpdk-1.2.3r2/x86_64-default-linuxapp-gcc/lib/librte_pmd_igb.a(e1000_api.o)
                                        0x7d8 (size before relaxing)
 .eh_frame      0x000000000044a838       0x80 /home/peter/dpdk-1.2.3r2/x86_64-default-linuxapp-gcc/lib/librte_pmd_igb.a(e1000_osdep.o)
                                         0x98 (size before relaxing)
 .eh_frame      0x000000000044a8b8      0x288 /home/peter/dpdk-1.2.3r2/x86_64-default-linuxapp-gcc/lib/librte_pmd_igb.a(e1000_vf.o)
                                        0x2a0 (size before relaxing)
 .eh_frame      0x000000000044ab40      0x3d8 /home/peter/dpdk-1.2.3r2/x86_64-default-linuxapp-gcc/lib/librte_pmd_igb.a(e1000_mbx.o)
                                        0x3e8 (size before relaxing)
 .eh_frame      0x000000000044af18      0x740 /home/peter/dpdk-1.2.3r2/x86_64-default-linuxapp-gcc/lib/librte_pmd_igb.a(e1000_rxtx.o)
                                        0x748 (size before relaxing)
 .eh_frame      0x000000000044b658      0x398 /home/peter/dpdk-1.2.3r2/x86_64-default-linuxapp-gcc/lib/librte_pmd_igb.a(e1000_nvm.o)
 .eh_frame      0x000000000044b9f0      0x5c8 /home/peter/dpdk-1.2.3r2/x86_64-default-linuxapp-gcc/lib/librte_pmd_ixgbe.a(ixgbe_ethdev.o)
                                        0x5d0 (size before relaxing)
 .eh_frame      0x000000000044bfb8      0x338 /home/peter/dpdk-1.2.3r2/x86_64-default-linuxapp-gcc/lib/librte_pmd_ixgbe.a(ixgbe_fdir.o)
                                        0x348 (size before relaxing)
 .eh_frame      0x000000000044c2f0      0xb70 /home/peter/dpdk-1.2.3r2/x86_64-default-linuxapp-gcc/lib/librte_pmd_ixgbe.a(ixgbe_common.o)
                                        0xb50 (size before relaxing)
 .eh_frame      0x000000000044ce60      0x540 /home/peter/dpdk-1.2.3r2/x86_64-default-linuxapp-gcc/lib/librte_pmd_ixgbe.a(ixgbe_82599.o)
                                        0x538 (size before relaxing)
 .eh_frame      0x000000000044d3a0      0x490 /home/peter/dpdk-1.2.3r2/x86_64-default-linuxapp-gcc/lib/librte_pmd_ixgbe.a(ixgbe_phy.o)
                                        0x4a0 (size before relaxing)
 .eh_frame      0x000000000044d830      0x8e0 /home/peter/dpdk-1.2.3r2/x86_64-default-linuxapp-gcc/lib/librte_pmd_ixgbe.a(ixgbe_api.o)
                                        0x8f8 (size before relaxing)
 .eh_frame      0x000000000044e110      0x200 /home/peter/dpdk-1.2.3r2/x86_64-default-linuxapp-gcc/lib/librte_pmd_ixgbe.a(ixgbe_vf.o)
                                        0x218 (size before relaxing)
 .eh_frame      0x000000000044e310      0x398 /home/peter/dpdk-1.2.3r2/x86_64-default-linuxapp-gcc/lib/librte_pmd_ixgbe.a(ixgbe_mbx.o)
                                        0x3a8 (size before relaxing)
 .eh_frame      0x000000000044e6a8      0x820 /home/peter/dpdk-1.2.3r2/x86_64-default-linuxapp-gcc/lib/librte_pmd_ixgbe.a(ixgbe_rxtx.o)
                                        0x828 (size before relaxing)
 .eh_frame      0x000000000044eec8      0x348 /home/peter/dpdk-1.2.3r2/x86_64-default-linuxapp-gcc/lib/librte_pmd_ixgbe.a(ixgbe_82598.o)
                                        0x360 (size before relaxing)
 .eh_frame      0x000000000044f210      0x318 /home/peter/dpdk-1.2.3r2/x86_64-default-linuxapp-gcc/lib/librte_pmd_ixgbe.a(ixgbe_x540.o)
                                        0x328 (size before relaxing)
 .eh_frame      0x000000000044f528      0x160 /home/peter/dpdk-1.2.3r2/x86_64-default-linuxapp-gcc/lib/librte_mbuf.a(rte_mbuf.o)
                                        0x178 (size before relaxing)
 .eh_frame      0x000000000044f688      0x648 /home/peter/dpdk-1.2.3r2/x86_64-default-linuxapp-gcc/lib/libethdev.a(rte_ethdev.o)
                                        0x660 (size before relaxing)
 .eh_frame      0x000000000044fcd0      0x2a0 /home/peter/dpdk-1.2.3r2/x86_64-default-linuxapp-gcc/lib/librte_malloc.a(rte_malloc.o)
                                        0x2b8 (size before relaxing)
 .eh_frame      0x000000000044ff70      0x208 /home/peter/dpdk-1.2.3r2/x86_64-default-linuxapp-gcc/lib/librte_malloc.a(malloc_elem.o)
                                        0x220 (size before relaxing)
 .eh_frame      0x0000000000450178      0x1d0 /home/peter/dpdk-1.2.3r2/x86_64-default-linuxapp-gcc/lib/librte_malloc.a(malloc_heap.o)
                                        0x1e0 (size before relaxing)
 .eh_frame      0x0000000000450348      0x208 /home/peter/dpdk-1.2.3r2/x86_64-default-linuxapp-gcc/lib/librte_mempool.a(rte_mempool.o)
                                        0x220 (size before relaxing)
 .eh_frame      0x0000000000450550      0x100 /home/peter/dpdk-1.2.3r2/x86_64-default-linuxapp-gcc/lib/librte_ring.a(rte_ring.o)
                                        0x118 (size before relaxing)
 .eh_frame      0x0000000000450650      0x2e8 /home/peter/dpdk-1.2.3r2/x86_64-default-linuxapp-gcc/lib/librte_eal.a(eal.o)
                                        0x300 (size before relaxing)
 .eh_frame      0x0000000000450938      0x108 /home/peter/dpdk-1.2.3r2/x86_64-default-linuxapp-gcc/lib/librte_eal.a(eal_hugepage_info.o)
                                        0x120 (size before relaxing)
 .eh_frame      0x0000000000450a40      0x228 /home/peter/dpdk-1.2.3r2/x86_64-default-linuxapp-gcc/lib/librte_eal.a(eal_memory.o)
                                        0x240 (size before relaxing)
 .eh_frame      0x0000000000450c68      0x108 /home/peter/dpdk-1.2.3r2/x86_64-default-linuxapp-gcc/lib/librte_eal.a(eal_thread.o)
                                        0x118 (size before relaxing)
 .eh_frame      0x0000000000450d70       0xa0 /home/peter/dpdk-1.2.3r2/x86_64-default-linuxapp-gcc/lib/librte_eal.a(eal_log.o)
                                         0xb8 (size before relaxing)
 .eh_frame      0x0000000000450e10      0x1c0 /home/peter/dpdk-1.2.3r2/x86_64-default-linuxapp-gcc/lib/librte_eal.a(eal_pci.o)
                                        0x1d8 (size before relaxing)
 .eh_frame      0x0000000000450fd0       0x80 /home/peter/dpdk-1.2.3r2/x86_64-default-linuxapp-gcc/lib/librte_eal.a(eal_debug.o)
                                         0x90 (size before relaxing)
 .eh_frame      0x0000000000451050       0xc0 /home/peter/dpdk-1.2.3r2/x86_64-default-linuxapp-gcc/lib/librte_eal.a(eal_lcore.o)
                                         0xd8 (size before relaxing)
 .eh_frame      0x0000000000451110      0x160 /home/peter/dpdk-1.2.3r2/x86_64-default-linuxapp-gcc/lib/librte_eal.a(eal_hpet.o)
                                        0x178 (size before relaxing)
 .eh_frame      0x0000000000451270      0x148 /home/peter/dpdk-1.2.3r2/x86_64-default-linuxapp-gcc/lib/librte_eal.a(eal_interrupts.o)
                                        0x158 (size before relaxing)
 .eh_frame      0x00000000004513b8       0xc0 /home/peter/dpdk-1.2.3r2/x86_64-default-linuxapp-gcc/lib/librte_eal.a(eal_alarm.o)
                                         0xd8 (size before relaxing)
 .eh_frame      0x0000000000451478      0x120 /home/peter/dpdk-1.2.3r2/x86_64-default-linuxapp-gcc/lib/librte_eal.a(eal_common_memzone.o)
                                        0x138 (size before relaxing)
 .eh_frame      0x0000000000451598      0x3e0 /home/peter/dpdk-1.2.3r2/x86_64-default-linuxapp-gcc/lib/librte_eal.a(eal_common_log.o)
                                        0x3f8 (size before relaxing)
 .eh_frame      0x0000000000451978       0xe0 /home/peter/dpdk-1.2.3r2/x86_64-default-linuxapp-gcc/lib/librte_eal.a(eal_common_launch.o)
                                         0xf8 (size before relaxing)
 .eh_frame      0x0000000000451a58       0xe0 /home/peter/dpdk-1.2.3r2/x86_64-default-linuxapp-gcc/lib/librte_eal.a(eal_common_pci.o)
                                         0xf8 (size before relaxing)
 .eh_frame      0x0000000000451b38       0xa0 /home/peter/dpdk-1.2.3r2/x86_64-default-linuxapp-gcc/lib/librte_eal.a(eal_common_memory.o)
                                         0xb8 (size before relaxing)
 .eh_frame      0x0000000000451bd8       0x80 /home/peter/dpdk-1.2.3r2/x86_64-default-linuxapp-gcc/lib/librte_eal.a(eal_common_tailqs.o)
                                         0x98 (size before relaxing)
 .eh_frame      0x0000000000451c58       0x40 /home/peter/dpdk-1.2.3r2/x86_64-default-linuxapp-gcc/lib/librte_eal.a(eal_common_errno.o)
                                         0x58 (size before relaxing)
 .eh_frame      0x0000000000451c98       0x40 /usr/lib/x86_64-linux-gnu/libc_nonshared.a(elf-init.oS)
                                         0x58 (size before relaxing)
 .eh_frame      0x0000000000451cd8       0x18 /usr/lib/x86_64-linux-gnu/libc_nonshared.a(fstat.oS)
                                         0x30 (size before relaxing)
 .eh_frame      0x0000000000451cf0        0x4 /usr/lib/gcc/x86_64-linux-gnu/4.6/crtend.o

.gcc_except_table
 *(.gcc_except_table .gcc_except_table.*)

.exception_ranges
 *(.exception_ranges .exception_ranges*)
                0x0000000000451cf4                . = (ALIGN (0x200000) - ((0x200000 - .) & 0x1fffff))
                0x0000000000651e14                . = DATA_SEGMENT_ALIGN (0x200000, 0x1000)

.eh_frame
 *(.eh_frame)

.gcc_except_table
 *(.gcc_except_table .gcc_except_table.*)

.exception_ranges
 *(.exception_ranges .exception_ranges*)

.tdata
 *(.tdata .tdata.* .gnu.linkonce.td.*)

.tbss           0x0000000000651e14      0x108
 *(.tbss .tbss.* .gnu.linkonce.tb.*)
 .tbss          0x0000000000651e14        0x4 /home/peter/dpdk-1.2.3r2/x86_64-default-linuxapp-gcc/lib/librte_eal.a(eal_thread.o)
                0x0000000000651e14                per_lcore__lcore_id
 .tbss          0x0000000000651e18      0x104 /home/peter/dpdk-1.2.3r2/x86_64-default-linuxapp-gcc/lib/librte_eal.a(eal_common_errno.o)
                0x0000000000651e18                per_lcore__rte_errno
 *(.tcommon)

.preinit_array  0x0000000000651e14        0x0
                0x0000000000651e14                PROVIDE (__preinit_array_start, .)
 *(.preinit_array)
                0x0000000000651e14                PROVIDE (__preinit_array_end, .)

.init_array     0x0000000000651e14        0x0
                0x0000000000651e14                PROVIDE (__init_array_start, .)
 *(SORT(.init_array.*) SORT(.ctors.*))
 *(.init_array)
 *(EXCLUDE_FILE(*crtend?.o *crtend.o *crtbegin?.o *crtbegin.o) .ctors)
                0x0000000000651e14                PROVIDE (__init_array_end, .)

.fini_array     0x0000000000651e14        0x0
                0x0000000000651e14                PROVIDE (__fini_array_start, .)
 *(SORT(.fini_array.*) SORT(.dtors.*))
 *(.fini_array)
 *(EXCLUDE_FILE(*crtend?.o *crtend.o *crtbegin?.o *crtbegin.o) .dtors)
                0x0000000000651e14                PROVIDE (__fini_array_end, .)

.ctors          0x0000000000651e18       0x10
 *crtbegin.o(.ctors)
 .ctors         0x0000000000651e18        0x8 /usr/lib/gcc/x86_64-linux-gnu/4.6/crtbegin.o
 *crtbegin?.o(.ctors)
 *(EXCLUDE_FILE(*crtend?.o *crtend.o) .ctors)
 *(SORT(.ctors.*))
 *(.ctors)
 .ctors         0x0000000000651e20        0x8 /usr/lib/gcc/x86_64-linux-gnu/4.6/crtend.o

.dtors          0x0000000000651e28       0x10
 *crtbegin.o(.dtors)
 .dtors         0x0000000000651e28        0x8 /usr/lib/gcc/x86_64-linux-gnu/4.6/crtbegin.o
 *crtbegin?.o(.dtors)
 *(EXCLUDE_FILE(*crtend?.o *crtend.o) .dtors)
 *(SORT(.dtors.*))
 *(.dtors)
 .dtors         0x0000000000651e30        0x8 /usr/lib/gcc/x86_64-linux-gnu/4.6/crtend.o
                0x0000000000651e30                __DTOR_END__

.jcr            0x0000000000651e38        0x8
 *(.jcr)
 .jcr           0x0000000000651e38        0x0 /usr/lib/gcc/x86_64-linux-gnu/4.6/crtbegin.o
 .jcr           0x0000000000651e38        0x8 /usr/lib/gcc/x86_64-linux-gnu/4.6/crtend.o

.data.rel.ro
 *(.data.rel.ro.local* .gnu.linkonce.d.rel.ro.local.*)
 *(.data.rel.ro* .gnu.linkonce.d.rel.ro.*)

.dynamic        0x0000000000651e40      0x1a0
 *(.dynamic)
 .dynamic       0x0000000000651e40      0x1a0 /usr/lib/gcc/x86_64-linux-gnu/4.6/../../../x86_64-linux-gnu/crt1.o
                0x0000000000651e40                _DYNAMIC

.got            0x0000000000651fe0        0x8
 *(.got)
 .got           0x0000000000651fe0        0x8 /usr/lib/gcc/x86_64-linux-gnu/4.6/../../../x86_64-linux-gnu/crt1.o
 *(.igot)
                0x0000000000651fe8                . = DATA_SEGMENT_RELRO_END (., 0x18)

.got.plt        0x0000000000651fe8      0x260
 *(.got.plt)
 .got.plt       0x0000000000651fe8      0x260 /usr/lib/gcc/x86_64-linux-gnu/4.6/../../../x86_64-linux-gnu/crt1.o
                0x0000000000651fe8                _GLOBAL_OFFSET_TABLE_
 *(.igot.plt)
 .igot.plt      0x0000000000000000        0x0 /usr/lib/gcc/x86_64-linux-gnu/4.6/../../../x86_64-linux-gnu/crt1.o

.data           0x0000000000652260      0xda0
 *(.data .data.* .gnu.linkonce.d.*)
 .data          0x0000000000652260        0x4 /usr/lib/gcc/x86_64-linux-gnu/4.6/../../../x86_64-linux-gnu/crt1.o
                0x0000000000652260                data_start
                0x0000000000652260                __data_start
 .data          0x0000000000652264        0x0 /usr/lib/gcc/x86_64-linux-gnu/4.6/../../../x86_64-linux-gnu/crti.o
 *fill*         0x0000000000652264        0x4 00
 .data          0x0000000000652268        0x8 /usr/lib/gcc/x86_64-linux-gnu/4.6/crtbegin.o
                0x0000000000652268                __dso_handle
 *fill*         0x0000000000652270       0x10 00
 .data          0x0000000000652280      0x45e main.o
 *fill*         0x00000000006526de        0x2 00
 .data          0x00000000006526e0      0x220 /home/peter/dpdk-1.2.3r2/x86_64-default-linuxapp-gcc/lib/librte_pmd_igb.a(e1000_ethdev.o)
 .data          0x0000000000652900        0x0 /home/peter/dpdk-1.2.3r2/x86_64-default-linuxapp-gcc/lib/librte_pmd_igb.a(e1000_manage.o)
 .data          0x0000000000652900        0x0 /home/peter/dpdk-1.2.3r2/x86_64-default-linuxapp-gcc/lib/librte_pmd_igb.a(e1000_mac.o)
 .data          0x0000000000652900        0x0 /home/peter/dpdk-1.2.3r2/x86_64-default-linuxapp-gcc/lib/librte_pmd_igb.a(e1000_phy.o)
 .data          0x0000000000652900        0x0 /home/peter/dpdk-1.2.3r2/x86_64-default-linuxapp-gcc/lib/librte_pmd_igb.a(e1000_82575.o)
 .data          0x0000000000652900        0x0 /home/peter/dpdk-1.2.3r2/x86_64-default-linuxapp-gcc/lib/librte_pmd_igb.a(e1000_api.o)
 .data          0x0000000000652900        0x0 /home/peter/dpdk-1.2.3r2/x86_64-default-linuxapp-gcc/lib/librte_pmd_igb.a(e1000_osdep.o)
 .data          0x0000000000652900        0x0 /home/peter/dpdk-1.2.3r2/x86_64-default-linuxapp-gcc/lib/librte_pmd_igb.a(e1000_vf.o)
 .data          0x0000000000652900        0x0 /home/peter/dpdk-1.2.3r2/x86_64-default-linuxapp-gcc/lib/librte_pmd_igb.a(e1000_mbx.o)
 .data          0x0000000000652900       0x70 /home/peter/dpdk-1.2.3r2/x86_64-default-linuxapp-gcc/lib/librte_pmd_igb.a(e1000_rxtx.o)
 .data          0x0000000000652970        0x0 /home/peter/dpdk-1.2.3r2/x86_64-default-linuxapp-gcc/lib/librte_pmd_igb.a(e1000_nvm.o)
 *fill*         0x0000000000652970       0x10 00
 .data          0x0000000000652980      0x340 /home/peter/dpdk-1.2.3r2/x86_64-default-linuxapp-gcc/lib/librte_pmd_ixgbe.a(ixgbe_ethdev.o)
 .data          0x0000000000652cc0        0x0 /home/peter/dpdk-1.2.3r2/x86_64-default-linuxapp-gcc/lib/librte_pmd_ixgbe.a(ixgbe_fdir.o)
 .data          0x0000000000652cc0        0x0 /home/peter/dpdk-1.2.3r2/x86_64-default-linuxapp-gcc/lib/librte_pmd_ixgbe.a(ixgbe_common.o)
 .data          0x0000000000652cc0        0x0 /home/peter/dpdk-1.2.3r2/x86_64-default-linuxapp-gcc/lib/librte_pmd_ixgbe.a(ixgbe_82599.o)
 .data          0x0000000000652cc0        0x0 /home/peter/dpdk-1.2.3r2/x86_64-default-linuxapp-gcc/lib/librte_pmd_ixgbe.a(ixgbe_phy.o)
 .data          0x0000000000652cc0        0x0 /home/peter/dpdk-1.2.3r2/x86_64-default-linuxapp-gcc/lib/librte_pmd_ixgbe.a(ixgbe_api.o)
 .data          0x0000000000652cc0        0x0 /home/peter/dpdk-1.2.3r2/x86_64-default-linuxapp-gcc/lib/librte_pmd_ixgbe.a(ixgbe_vf.o)
 .data          0x0000000000652cc0        0x0 /home/peter/dpdk-1.2.3r2/x86_64-default-linuxapp-gcc/lib/librte_pmd_ixgbe.a(ixgbe_mbx.o)
 .data          0x0000000000652cc0       0x88 /home/peter/dpdk-1.2.3r2/x86_64-default-linuxapp-gcc/lib/librte_pmd_ixgbe.a(ixgbe_rxtx.o)
 .data          0x0000000000652d48        0x0 /home/peter/dpdk-1.2.3r2/x86_64-default-linuxapp-gcc/lib/librte_pmd_ixgbe.a(ixgbe_82598.o)
 .data          0x0000000000652d48        0x0 /home/peter/dpdk-1.2.3r2/x86_64-default-linuxapp-gcc/lib/librte_pmd_ixgbe.a(ixgbe_x540.o)
 .data          0x0000000000652d48        0x0 /home/peter/dpdk-1.2.3r2/x86_64-default-linuxapp-gcc/lib/librte_mbuf.a(rte_mbuf.o)
 .data          0x0000000000652d48        0x8 /home/peter/dpdk-1.2.3r2/x86_64-default-linuxapp-gcc/lib/libethdev.a(rte_ethdev.o)
 .data          0x0000000000652d50        0x0 /home/peter/dpdk-1.2.3r2/x86_64-default-linuxapp-gcc/lib/librte_malloc.a(rte_malloc.o)
 .data          0x0000000000652d50        0x0 /home/peter/dpdk-1.2.3r2/x86_64-default-linuxapp-gcc/lib/librte_malloc.a(malloc_elem.o)
 .data          0x0000000000652d50        0x0 /home/peter/dpdk-1.2.3r2/x86_64-default-linuxapp-gcc/lib/librte_malloc.a(malloc_heap.o)
 .data          0x0000000000652d50        0x0 /home/peter/dpdk-1.2.3r2/x86_64-default-linuxapp-gcc/lib/librte_mempool.a(rte_mempool.o)
 .data          0x0000000000652d50        0x0 /home/peter/dpdk-1.2.3r2/x86_64-default-linuxapp-gcc/lib/librte_ring.a(rte_ring.o)
 *fill*         0x0000000000652d50       0x10 00
 .data          0x0000000000652d60      0x200 /home/peter/dpdk-1.2.3r2/x86_64-default-linuxapp-gcc/lib/librte_eal.a(eal.o)
 .data          0x0000000000652f60        0x0 /home/peter/dpdk-1.2.3r2/x86_64-default-linuxapp-gcc/lib/librte_eal.a(eal_hugepage_info.o)
 .data          0x0000000000652f60        0x8 /home/peter/dpdk-1.2.3r2/x86_64-default-linuxapp-gcc/lib/librte_eal.a(eal_memory.o)